Initialized native services in: C:\Users\audoc\.gradle\native
Initialized jansi services in: C:\Users\audoc\.gradle\native
The client will now receive all logging from the daemon (pid: 34152). The daemon log file: C:\Users\audoc\.gradle\daemon\8.14.3\daemon-34152.out.log
Starting 14th build in daemon [uptime: 23 mins 28.342 secs, performance: 100%, GC rate: 0.00/s, heap usage: 0% of 2 GiB, non-heap usage: 41% of 512 MiB]
Using 16 worker leases.
Now considering [C:\Users\audoc\apps\lango-dev\lango-mvp-android] as hierarchies to watch
Watching the file system is configured to be enabled if available
File system watching is active
Starting Build
Settings evaluated using settings file 'C:\Users\audoc\apps\lango-dev\lango-mvp-android\settings.gradle.kts'.
Projects loaded. Root project using build file 'C:\Users\audoc\apps\lango-dev\lango-mvp-android\build.gradle.kts'.
Included projects: [root project 'Lango MVP Android', project ':app', project ':data', project ':domain', project ':speech']

> Configure project :
Evaluating root project 'Lango MVP Android' using build file 'C:\Users\audoc\apps\lango-dev\lango-mvp-android\build.gradle.kts'.
Resolved plugin [id: 'com.android.application', version: '8.6.0', apply: false]
Resolved plugin [id: 'org.jetbrains.kotlin.android', version: '2.2.0', apply: false]
Resolved plugin [id: 'org.jetbrains.kotlin.plugin.serialization', version: '2.2.0', apply: false]
Resolved plugin [id: 'com.google.android.libraries.mapsplatform.secrets-gradle-plugin', version: '2.0.1', apply: false]
Resolved plugin [id: 'com.google.dagger.hilt.android', version: '2.56.1', apply: false]

> Configure project :app
Evaluating project ':app' using build file 'C:\Users\audoc\apps\lango-dev\lango-mvp-android\app\build.gradle.kts'.
Resolved plugin [id: 'com.android.application', version: '8.6.0']
Resolved plugin [id: 'org.jetbrains.kotlin.android', version: '2.2.0']
Resolved plugin [id: 'org.jetbrains.kotlin.kapt']
Resolved plugin [id: 'com.google.android.libraries.mapsplatform.secrets-gradle-plugin', version: '2.0.1']
Resolved plugin [id: 'com.google.dagger.hilt.android']
Using default execution profile
Build 3d1fc8f7-b088-4bb6-9523-a7b8ed4fee77 is started
Using Kotlin Gradle Plugin gradle813 variant

> Configure project :data
Evaluating project ':data' using build file 'C:\Users\audoc\apps\lango-dev\lango-mvp-android\data\build.gradle.kts'.
Resolved plugin [id: 'com.android.library', version: '8.6.0']
Resolved plugin [id: 'org.jetbrains.kotlin.android', version: '2.2.0']
Resolved plugin [id: 'org.jetbrains.kotlin.kapt']
Resolved plugin [id: 'org.jetbrains.kotlin.plugin.serialization', version: '2.2.0']
Resolved plugin [id: 'com.google.dagger.hilt.android']
Using default execution profile
Using Kotlin Gradle Plugin gradle813 variant

> Configure project :domain
Evaluating project ':domain' using build file 'C:\Users\audoc\apps\lango-dev\lango-mvp-android\domain\build.gradle.kts'.
Resolved plugin [id: 'com.android.library', version: '8.6.0']
Resolved plugin [id: 'org.jetbrains.kotlin.android', version: '2.2.0']
Resolved plugin [id: 'org.jetbrains.kotlin.plugin.serialization', version: '2.2.0']
Using default execution profile
Using Kotlin Gradle Plugin gradle813 variant

> Configure project :speech
Evaluating project ':speech' using build file 'C:\Users\audoc\apps\lango-dev\lango-mvp-android\speech\build.gradle.kts'.
Resolved plugin [id: 'com.android.library', version: '8.6.0']
Resolved plugin [id: 'org.jetbrains.kotlin.android', version: '2.2.0']
Resolved plugin [id: 'org.jetbrains.kotlin.plugin.serialization', version: '2.2.0']
Using default execution profile
Using Kotlin Gradle Plugin gradle813 variant
All projects evaluated.
Task path ':data:testDebugUnitTest' matched project ':data'
Task name matched 'testDebugUnitTest'
Selected primary task 'testDebugUnitTest' from project :data
Tasks to be executed: [task ':data:preBuild', task ':data:preDebugBuild', task ':data:checkKotlinGradlePluginConfigurationErrors', task ':data:generateDebugResValues', task ':data:generateDebugResources', task ':data:packageDebugResources', task ':data:parseDebugLocalResources', task ':data:generateDebugRFile', task ':domain:checkKotlinGradlePluginConfigurationErrors', task ':domain:preBuild', task ':domain:preDebugBuild', task ':domain:generateDebugResValues', task ':domain:generateDebugResources', task ':domain:packageDebugResources', task ':domain:parseDebugLocalResources', task ':domain:generateDebugRFile', task ':domain:compileDebugKotlin', task ':domain:javaPreCompileDebug', task ':domain:compileDebugJavaWithJavac', task ':domain:bundleLibCompileToJarDebug', task ':data:kaptGenerateStubsDebugKotlin', task ':data:kaptDebugKotlin', task ':data:compileDebugKotlin', task ':data:javaPreCompileDebug', task ':data:compileDebugJavaWithJavac', task ':domain:bundleLibRuntimeToJarDebug', task ':data:transformDebugClassesWithAsm', task ':data:bundleLibRuntimeToJarDebug', task ':data:mergeDebugShaders', task ':data:compileDebugShaders', task ':data:generateDebugAssets', task ':domain:mergeDebugShaders', task ':domain:compileDebugShaders', task ':domain:generateDebugAssets', task ':domain:packageDebugAssets', task ':data:mergeDebugAssets', task ':data:generateDebugUnitTestAssets', task ':data:packageDebugAssets', task ':data:preDebugUnitTestBuild', task ':data:mergeDebugUnitTestAssets', task ':data:writeDebugAarMetadata', task ':domain:writeDebugAarMetadata', task ':data:checkDebugUnitTestAarMetadata', task ':data:compileDebugLibraryResources', task ':data:generateDebugUnitTestResValues', task ':data:mapDebugUnitTestSourceSetPaths', task ':data:generateDebugUnitTestResources', task ':data:mergeDebugUnitTestResources', task ':data:extractDeepLinksDebug', task ':data:processDebugManifest', task ':domain:extractDeepLinksDebug', task ':domain:processDebugManifest', task ':data:processDebugUnitTestManifest', task ':domain:compileDebugLibraryResources', task ':data:processDebugUnitTestResources', task ':data:packageDebugUnitTestForUnitTest', task ':data:generateDebugUnitTestConfig', task ':data:processDebugJavaRes', task ':data:bundleLibCompileToJarDebug', task ':data:kaptGenerateStubsDebugUnitTestKotlin', task ':data:kaptDebugUnitTestKotlin', task ':data:compileDebugUnitTestKotlin', task ':data:javaPreCompileDebugUnitTest', task ':data:compileDebugUnitTestJavaWithJavac', task ':data:hiltAggregateDepsDebugUnitTest', task ':data:hiltJavaCompileDebugUnitTest', task ':data:processDebugUnitTestJavaRes', task ':data:transformDebugUnitTestClassesWithAsm', task ':domain:processDebugJavaRes', task ':data:testDebugUnitTest']
Tasks that were excluded: []
work action Parameters of IdentityTransform (Thread[#2336,Execution worker,5,main]) started.
work action Parameters of CopyTransform (Thread[#2336,Execution worker,5,main]) started.
work action Parameters of AggregatedPackagesTransform (Thread[#2336,Execution worker,5,main]) started.
Resolve mutations for :data:preBuild (Thread[#2341,Execution worker Thread 6,5,main]) started.
:data:preBuild (Thread[#2343,Execution worker Thread 8,5,main]) started.

> Task :data:preBuild UP-TO-DATE
Skipping task ':data:preBuild' as it has no actions.
Resolve mutations for :data:preDebugBuild (Thread[#2343,Execution worker Thread 8,5,main]) started.
:data:preDebugBuild (Thread[#2343,Execution worker Thread 8,5,main]) started.

> Task :data:preDebugBuild UP-TO-DATE
Skipping task ':data:preDebugBuild' as it has no actions.
Resolve mutations for :data:checkKotlinGradlePluginConfigurationErrors (Thread[#2343,Execution worker Thread 8,5,main]) started.
:data:checkKotlinGradlePluginConfigurationErrors (Thread[#2343,Execution worker Thread 8,5,main]) started.

> Task :data:checkKotlinGradlePluginConfigurationErrors SKIPPED
Skipping task ':data:checkKotlinGradlePluginConfigurationErrors' as task onlyIf 'errorDiagnostics are present' is false.
Resolve mutations for :data:generateDebugResValues (Thread[#2342,Execution worker Thread 7,5,main]) started.
:data:generateDebugResValues (Thread[#2342,Execution worker Thread 7,5,main]) started.

> Task :data:generateDebugResValues UP-TO-DATE
Caching disabled for task ':data:generateDebugResValues' because:
  Build cache is disabled
Skipping task ':data:generateDebugResValues' as it is up-to-date.
Resolve mutations for :data:generateDebugResources (Thread[#2342,Execution worker Thread 7,5,main]) started.
:data:generateDebugResources (Thread[#2342,Execution worker Thread 7,5,main]) started.

> Task :data:generateDebugResources UP-TO-DATE
Caching disabled for task ':data:generateDebugResources' because:
  Build cache is disabled
Skipping task ':data:generateDebugResources' as it is up-to-date.
Resolve mutations for :data:packageDebugResources (Thread[#2342,Execution worker Thread 7,5,main]) started.
:data:packageDebugResources (Thread[#2346,Execution worker Thread 11,5,main]) started.

> Task :data:packageDebugResources UP-TO-DATE
Caching disabled for task ':data:packageDebugResources' because:
  Build cache is disabled
Skipping task ':data:packageDebugResources' as it is up-to-date.
work action resolve packageDebugResources (project :data) (Thread[#2346,Execution worker Thread 11,5,main]) started.
Resolve mutations for :data:parseDebugLocalResources (Thread[#2346,Execution worker Thread 11,5,main]) started.
:data:parseDebugLocalResources (Thread[#2346,Execution worker Thread 11,5,main]) started.

> Task :data:parseDebugLocalResources UP-TO-DATE
Caching disabled for task ':data:parseDebugLocalResources' because:
  Build cache is disabled
Skipping task ':data:parseDebugLocalResources' as it is up-to-date.
Resolve mutations for :data:generateDebugRFile (Thread[#2346,Execution worker Thread 11,5,main]) started.
:data:generateDebugRFile (Thread[#2346,Execution worker Thread 11,5,main]) started.

> Task :data:generateDebugRFile UP-TO-DATE
Caching disabled for task ':data:generateDebugRFile' because:
  Build cache is disabled
Skipping task ':data:generateDebugRFile' as it is up-to-date.
work action resolve package-aware-r.txt (project :data) (Thread[#2346,Execution worker Thread 11,5,main]) started.
Resolve mutations for :domain:checkKotlinGradlePluginConfigurationErrors (Thread[#2348,Execution worker Thread 13,5,main]) started.
:domain:checkKotlinGradlePluginConfigurationErrors (Thread[#2344,Execution worker Thread 9,5,main]) started.

> Task :domain:checkKotlinGradlePluginConfigurationErrors SKIPPED
Skipping task ':domain:checkKotlinGradlePluginConfigurationErrors' as task onlyIf 'errorDiagnostics are present' is false.
Resolve mutations for :domain:preBuild (Thread[#2344,Execution worker Thread 9,5,main]) started.
:domain:preBuild (Thread[#2344,Execution worker Thread 9,5,main]) started.

> Task :domain:preBuild UP-TO-DATE
Skipping task ':domain:preBuild' as it has no actions.
Resolve mutations for :domain:preDebugBuild (Thread[#2343,Execution worker Thread 8,5,main]) started.
:domain:preDebugBuild (Thread[#2343,Execution worker Thread 8,5,main]) started.

> Task :domain:preDebugBuild UP-TO-DATE
Skipping task ':domain:preDebugBuild' as it has no actions.
Resolve mutations for :domain:generateDebugResValues (Thread[#2346,Execution worker Thread 11,5,main]) started.
:domain:generateDebugResValues (Thread[#2346,Execution worker Thread 11,5,main]) started.

> Task :domain:generateDebugResValues UP-TO-DATE
Caching disabled for task ':domain:generateDebugResValues' because:
  Build cache is disabled
Skipping task ':domain:generateDebugResValues' as it is up-to-date.
Resolve mutations for :domain:generateDebugResources (Thread[#2346,Execution worker Thread 11,5,main]) started.
:domain:generateDebugResources (Thread[#2346,Execution worker Thread 11,5,main]) started.

> Task :domain:generateDebugResources UP-TO-DATE
Caching disabled for task ':domain:generateDebugResources' because:
  Build cache is disabled
Skipping task ':domain:generateDebugResources' as it is up-to-date.
Resolve mutations for :domain:packageDebugResources (Thread[#2346,Execution worker Thread 11,5,main]) started.
:domain:packageDebugResources (Thread[#2346,Execution worker Thread 11,5,main]) started.

> Task :domain:packageDebugResources UP-TO-DATE
Caching disabled for task ':domain:packageDebugResources' because:
  Build cache is disabled
Skipping task ':domain:packageDebugResources' as it is up-to-date.
work action resolve packageDebugResources (project :domain) (Thread[#2346,Execution worker Thread 11,5,main]) started.
Resolve mutations for :domain:parseDebugLocalResources (Thread[#2346,Execution worker Thread 11,5,main]) started.
:domain:parseDebugLocalResources (Thread[#2346,Execution worker Thread 11,5,main]) started.

> Task :domain:parseDebugLocalResources UP-TO-DATE
Caching disabled for task ':domain:parseDebugLocalResources' because:
  Build cache is disabled
Skipping task ':domain:parseDebugLocalResources' as it is up-to-date.
Resolve mutations for :domain:generateDebugRFile (Thread[#2346,Execution worker Thread 11,5,main]) started.
:domain:generateDebugRFile (Thread[#2346,Execution worker Thread 11,5,main]) started.

> Task :domain:generateDebugRFile UP-TO-DATE
Caching disabled for task ':domain:generateDebugRFile' because:
  Build cache is disabled
Skipping task ':domain:generateDebugRFile' as it is up-to-date.
work action resolve package-aware-r.txt (project :domain) (Thread[#2346,Execution worker Thread 11,5,main]) started.
Resolve mutations for :domain:compileDebugKotlin (Thread[#2339,Execution worker Thread 4,5,main]) started.
:domain:compileDebugKotlin (Thread[#2339,Execution worker Thread 4,5,main]) started.

> Task :domain:compileDebugKotlin UP-TO-DATE
GradleBuildProject.Builder should not be accessed through AnalyticsConfiguratorService after AnalyticsService is created. Analytics information of this build might be incomplete.
Caching disabled for task ':domain:compileDebugKotlin' because:
  Build cache is disabled
Skipping task ':domain:compileDebugKotlin' as it is up-to-date.
Resolve mutations for :domain:javaPreCompileDebug (Thread[#2339,Execution worker Thread 4,5,main]) started.
:domain:javaPreCompileDebug (Thread[#2344,Execution worker Thread 9,5,main]) started.

> Task :domain:javaPreCompileDebug UP-TO-DATE
Caching disabled for task ':domain:javaPreCompileDebug' because:
  Build cache is disabled
Skipping task ':domain:javaPreCompileDebug' as it is up-to-date.
Resolve mutations for :domain:compileDebugJavaWithJavac (Thread[#2344,Execution worker Thread 9,5,main]) started.
:domain:compileDebugJavaWithJavac (Thread[#2344,Execution worker Thread 9,5,main]) started.

> Task :domain:compileDebugJavaWithJavac NO-SOURCE
Skipping task ':domain:compileDebugJavaWithJavac' as it has no source files and no previous output files.
Resolve mutations for :domain:bundleLibCompileToJarDebug (Thread[#2344,Execution worker Thread 9,5,main]) started.
:domain:bundleLibCompileToJarDebug (Thread[#2344,Execution worker Thread 9,5,main]) started.

> Task :domain:bundleLibCompileToJarDebug UP-TO-DATE
Caching disabled for task ':domain:bundleLibCompileToJarDebug' because:
  Build cache is disabled
  Simple merging task
Skipping task ':domain:bundleLibCompileToJarDebug' as it is up-to-date.
work action resolve classes.jar (project :domain) (Thread[#2344,Execution worker Thread 9,5,main]) started.
Resolve mutations for :data:kaptGenerateStubsDebugKotlin (Thread[#2344,Execution worker Thread 9,5,main]) started.
:data:kaptGenerateStubsDebugKotlin (Thread[#2344,Execution worker Thread 9,5,main]) started.
Resolve mutations for :data:javaPreCompileDebug (Thread[#2338,Execution worker Thread 3,5,main]) started.
:data:javaPreCompileDebug (Thread[#2338,Execution worker Thread 3,5,main]) started.

> Task :data:javaPreCompileDebug UP-TO-DATE
Caching disabled for task ':data:javaPreCompileDebug' because:
  Build cache is disabled
Skipping task ':data:javaPreCompileDebug' as it is up-to-date.
Resolve mutations for :domain:bundleLibRuntimeToJarDebug (Thread[#2338,Execution worker Thread 3,5,main]) started.
:domain:bundleLibRuntimeToJarDebug (Thread[#2338,Execution worker Thread 3,5,main]) started.

> Task :domain:bundleLibRuntimeToJarDebug UP-TO-DATE
Caching disabled for task ':domain:bundleLibRuntimeToJarDebug' because:
  Build cache is disabled
  Simple merging task
Skipping task ':domain:bundleLibRuntimeToJarDebug' as it is up-to-date.
work action resolve classes.jar (project :domain) (Thread[#2338,Execution worker Thread 3,5,main]) started.
Resolve mutations for :data:mergeDebugShaders (Thread[#2338,Execution worker Thread 3,5,main]) started.
IdentityTransform (Thread[#2349,Execution worker Thread 14,5,main]) started.
:data:mergeDebugShaders (Thread[#2338,Execution worker Thread 3,5,main]) started.
CopyTransform (Thread[#2349,Execution worker Thread 14,5,main]) started.
AggregatedPackagesTransform (Thread[#2349,Execution worker Thread 14,5,main]) started.

> Task :data:mergeDebugShaders UP-TO-DATE
Caching disabled for task ':data:mergeDebugShaders' because:
  Build cache is disabled
  Simple merging task
Skipping task ':data:mergeDebugShaders' as it is up-to-date.
Resolve mutations for :data:compileDebugShaders (Thread[#2338,Execution worker Thread 3,5,main]) started.
:data:compileDebugShaders (Thread[#2338,Execution worker Thread 3,5,main]) started.

> Task :data:compileDebugShaders NO-SOURCE
Skipping task ':data:compileDebugShaders' as it has no source files and no previous output files.
Resolve mutations for :data:generateDebugAssets (Thread[#2338,Execution worker Thread 3,5,main]) started.
:data:generateDebugAssets (Thread[#2342,Execution worker Thread 7,5,main]) started.

> Task :data:generateDebugAssets UP-TO-DATE
Skipping task ':data:generateDebugAssets' as it has no actions.
Resolve mutations for :domain:mergeDebugShaders (Thread[#2342,Execution worker Thread 7,5,main]) started.
:domain:mergeDebugShaders (Thread[#2342,Execution worker Thread 7,5,main]) started.

> Task :domain:mergeDebugShaders UP-TO-DATE
Caching disabled for task ':domain:mergeDebugShaders' because:
  Build cache is disabled
  Simple merging task
Skipping task ':domain:mergeDebugShaders' as it is up-to-date.
Resolve mutations for :domain:compileDebugShaders (Thread[#2342,Execution worker Thread 7,5,main]) started.
:domain:compileDebugShaders (Thread[#2342,Execution worker Thread 7,5,main]) started.

> Task :domain:compileDebugShaders NO-SOURCE
Skipping task ':domain:compileDebugShaders' as it has no source files and no previous output files.
Resolve mutations for :domain:generateDebugAssets (Thread[#2342,Execution worker Thread 7,5,main]) started.
:domain:generateDebugAssets (Thread[#2342,Execution worker Thread 7,5,main]) started.

> Task :domain:generateDebugAssets UP-TO-DATE
Skipping task ':domain:generateDebugAssets' as it has no actions.
Resolve mutations for :domain:packageDebugAssets (Thread[#2336,Execution worker,5,main]) started.
:domain:packageDebugAssets (Thread[#2336,Execution worker,5,main]) started.

> Task :domain:packageDebugAssets UP-TO-DATE
Caching disabled for task ':domain:packageDebugAssets' because:
  Build cache is disabled
  Simple merging task
Skipping task ':domain:packageDebugAssets' as it is up-to-date.
work action resolve out (project :domain) (Thread[#2336,Execution worker,5,main]) started.
Resolve mutations for :data:mergeDebugAssets (Thread[#2336,Execution worker,5,main]) started.
:data:mergeDebugAssets (Thread[#2336,Execution worker,5,main]) started.

> Task :data:mergeDebugAssets UP-TO-DATE
Caching disabled for task ':data:mergeDebugAssets' because:
  Build cache is disabled
  Simple merging task
Skipping task ':data:mergeDebugAssets' as it is up-to-date.
Resolve mutations for :data:generateDebugUnitTestAssets (Thread[#2336,Execution worker,5,main]) started.
:data:generateDebugUnitTestAssets (Thread[#2336,Execution worker,5,main]) started.

> Task :data:generateDebugUnitTestAssets UP-TO-DATE
Skipping task ':data:generateDebugUnitTestAssets' as it has no actions.
Resolve mutations for :data:packageDebugAssets (Thread[#2336,Execution worker,5,main]) started.
:data:packageDebugAssets (Thread[#2336,Execution worker,5,main]) started.

> Task :data:packageDebugAssets UP-TO-DATE
Caching disabled for task ':data:packageDebugAssets' because:
  Build cache is disabled
  Simple merging task
Skipping task ':data:packageDebugAssets' as it is up-to-date.
work action resolve out (project :data) (Thread[#2336,Execution worker,5,main]) started.
Resolve mutations for :data:preDebugUnitTestBuild (Thread[#2336,Execution worker,5,main]) started.
:data:preDebugUnitTestBuild (Thread[#2336,Execution worker,5,main]) started.

> Task :data:preDebugUnitTestBuild UP-TO-DATE
Skipping task ':data:preDebugUnitTestBuild' as it has no actions.
Resolve mutations for :data:mergeDebugUnitTestAssets (Thread[#2336,Execution worker,5,main]) started.
:data:mergeDebugUnitTestAssets (Thread[#2336,Execution worker,5,main]) started.

> Task :data:mergeDebugUnitTestAssets UP-TO-DATE
Caching disabled for task ':data:mergeDebugUnitTestAssets' because:
  Build cache is disabled
  Simple merging task
Skipping task ':data:mergeDebugUnitTestAssets' as it is up-to-date.
Resolve mutations for :data:writeDebugAarMetadata (Thread[#2336,Execution worker,5,main]) started.
:data:writeDebugAarMetadata (Thread[#2338,Execution worker Thread 3,5,main]) started.

> Task :data:writeDebugAarMetadata UP-TO-DATE
Caching disabled for task ':data:writeDebugAarMetadata' because:
  Build cache is disabled
  Caching has been disabled for the task
Skipping task ':data:writeDebugAarMetadata' as it is up-to-date.
work action resolve aar-metadata.properties (project :data) (Thread[#2338,Execution worker Thread 3,5,main]) started.
Resolve mutations for :domain:writeDebugAarMetadata (Thread[#2338,Execution worker Thread 3,5,main]) started.
:domain:writeDebugAarMetadata (Thread[#2346,Execution worker Thread 11,5,main]) started.

> Task :domain:writeDebugAarMetadata UP-TO-DATE
Caching disabled for task ':domain:writeDebugAarMetadata' because:
  Build cache is disabled
  Caching has been disabled for the task
Skipping task ':domain:writeDebugAarMetadata' as it is up-to-date.
work action resolve aar-metadata.properties (project :domain) (Thread[#2346,Execution worker Thread 11,5,main]) started.
Resolve mutations for :data:checkDebugUnitTestAarMetadata (Thread[#2346,Execution worker Thread 11,5,main]) started.
:data:checkDebugUnitTestAarMetadata (Thread[#2346,Execution worker Thread 11,5,main]) started.

> Task :data:checkDebugUnitTestAarMetadata UP-TO-DATE
Caching disabled for task ':data:checkDebugUnitTestAarMetadata' because:
  Build cache is disabled
  Caching has been disabled for the task
Skipping task ':data:checkDebugUnitTestAarMetadata' as it is up-to-date.
Resolve mutations for :data:compileDebugLibraryResources (Thread[#2346,Execution worker Thread 11,5,main]) started.
:data:compileDebugLibraryResources (Thread[#2346,Execution worker Thread 11,5,main]) started.

> Task :data:compileDebugLibraryResources UP-TO-DATE
Caching disabled for task ':data:compileDebugLibraryResources' because:
  Build cache is disabled
Skipping task ':data:compileDebugLibraryResources' as it is up-to-date.
work action resolve out (project :data) (Thread[#2346,Execution worker Thread 11,5,main]) started.
Resolve mutations for :data:generateDebugUnitTestResValues (Thread[#2346,Execution worker Thread 11,5,main]) started.
:data:generateDebugUnitTestResValues (Thread[#2346,Execution worker Thread 11,5,main]) started.

> Task :data:generateDebugUnitTestResValues UP-TO-DATE
Caching disabled for task ':data:generateDebugUnitTestResValues' because:
  Build cache is disabled
Skipping task ':data:generateDebugUnitTestResValues' as it is up-to-date.
Resolve mutations for :data:mapDebugUnitTestSourceSetPaths (Thread[#2346,Execution worker Thread 11,5,main]) started.
:data:mapDebugUnitTestSourceSetPaths (Thread[#2346,Execution worker Thread 11,5,main]) started.

> Task :data:mapDebugUnitTestSourceSetPaths UP-TO-DATE
Caching disabled for task ':data:mapDebugUnitTestSourceSetPaths' because:
  Build cache is disabled
  Caching has been disabled for the task
Skipping task ':data:mapDebugUnitTestSourceSetPaths' as it is up-to-date.
Resolve mutations for :data:generateDebugUnitTestResources (Thread[#2346,Execution worker Thread 11,5,main]) started.
:data:generateDebugUnitTestResources (Thread[#2346,Execution worker Thread 11,5,main]) started.

> Task :data:generateDebugUnitTestResources UP-TO-DATE
Caching disabled for task ':data:generateDebugUnitTestResources' because:
  Build cache is disabled
Skipping task ':data:generateDebugUnitTestResources' as it is up-to-date.
Resolve mutations for :data:mergeDebugUnitTestResources (Thread[#2346,Execution worker Thread 11,5,main]) started.
:data:mergeDebugUnitTestResources (Thread[#2346,Execution worker Thread 11,5,main]) started.

> Task :data:mergeDebugUnitTestResources UP-TO-DATE
Caching disabled for task ':data:mergeDebugUnitTestResources' because:
  Build cache is disabled
Skipping task ':data:mergeDebugUnitTestResources' as it is up-to-date.
Resolve mutations for :data:extractDeepLinksDebug (Thread[#2346,Execution worker Thread 11,5,main]) started.
:data:extractDeepLinksDebug (Thread[#2346,Execution worker Thread 11,5,main]) started.

> Task :data:extractDeepLinksDebug UP-TO-DATE
Caching disabled for task ':data:extractDeepLinksDebug' because:
  Build cache is disabled
Skipping task ':data:extractDeepLinksDebug' as it is up-to-date.
work action resolve navigation.json (project :data) (Thread[#2346,Execution worker Thread 11,5,main]) started.
Resolve mutations for :data:processDebugManifest (Thread[#2346,Execution worker Thread 11,5,main]) started.
:data:processDebugManifest (Thread[#2346,Execution worker Thread 11,5,main]) started.

> Task :data:processDebugManifest UP-TO-DATE
Caching disabled for task ':data:processDebugManifest' because:
  Build cache is disabled
Skipping task ':data:processDebugManifest' as it is up-to-date.
work action resolve AndroidManifest.xml (project :data) (Thread[#2346,Execution worker Thread 11,5,main]) started.
Resolve mutations for :domain:extractDeepLinksDebug (Thread[#2346,Execution worker Thread 11,5,main]) started.
:domain:extractDeepLinksDebug (Thread[#2346,Execution worker Thread 11,5,main]) started.

> Task :domain:extractDeepLinksDebug UP-TO-DATE
Caching disabled for task ':domain:extractDeepLinksDebug' because:
  Build cache is disabled
Skipping task ':domain:extractDeepLinksDebug' as it is up-to-date.
work action resolve navigation.json (project :domain) (Thread[#2346,Execution worker Thread 11,5,main]) started.
Resolve mutations for :domain:processDebugManifest (Thread[#2349,Execution worker Thread 14,5,main]) started.
:domain:processDebugManifest (Thread[#2349,Execution worker Thread 14,5,main]) started.

> Task :domain:processDebugManifest UP-TO-DATE
Caching disabled for task ':domain:processDebugManifest' because:
  Build cache is disabled
Skipping task ':domain:processDebugManifest' as it is up-to-date.
work action resolve AndroidManifest.xml (project :domain) (Thread[#2349,Execution worker Thread 14,5,main]) started.
Resolve mutations for :data:processDebugUnitTestManifest (Thread[#2349,Execution worker Thread 14,5,main]) started.
:data:processDebugUnitTestManifest (Thread[#2347,Execution worker Thread 12,5,main]) started.

> Task :data:processDebugUnitTestManifest UP-TO-DATE
Caching disabled for task ':data:processDebugUnitTestManifest' because:
  Build cache is disabled
  Caching has been disabled for the task
Skipping task ':data:processDebugUnitTestManifest' as it is up-to-date.
Resolve mutations for :domain:compileDebugLibraryResources (Thread[#2347,Execution worker Thread 12,5,main]) started.
:domain:compileDebugLibraryResources (Thread[#2347,Execution worker Thread 12,5,main]) started.

> Task :domain:compileDebugLibraryResources UP-TO-DATE
Caching disabled for task ':domain:compileDebugLibraryResources' because:
  Build cache is disabled
Skipping task ':domain:compileDebugLibraryResources' as it is up-to-date.
work action resolve out (project :domain) (Thread[#2347,Execution worker Thread 12,5,main]) started.
Resolve mutations for :data:processDebugUnitTestResources (Thread[#2347,Execution worker Thread 12,5,main]) started.
:data:processDebugUnitTestResources (Thread[#2347,Execution worker Thread 12,5,main]) started.

> Task :data:processDebugUnitTestResources UP-TO-DATE
Caching disabled for task ':data:processDebugUnitTestResources' because:
  Build cache is disabled
Skipping task ':data:processDebugUnitTestResources' as it is up-to-date.
Resolve mutations for :data:packageDebugUnitTestForUnitTest (Thread[#2347,Execution worker Thread 12,5,main]) started.
:data:packageDebugUnitTestForUnitTest (Thread[#2347,Execution worker Thread 12,5,main]) started.

> Task :data:packageDebugUnitTestForUnitTest UP-TO-DATE
Caching disabled for task ':data:packageDebugUnitTestForUnitTest' because:
  Build cache is disabled
  Simple merging task
Skipping task ':data:packageDebugUnitTestForUnitTest' as it is up-to-date.
Resolve mutations for :data:generateDebugUnitTestConfig (Thread[#2347,Execution worker Thread 12,5,main]) started.
:data:generateDebugUnitTestConfig (Thread[#2347,Execution worker Thread 12,5,main]) started.

> Task :data:generateDebugUnitTestConfig UP-TO-DATE
Caching disabled for task ':data:generateDebugUnitTestConfig' because:
  Build cache is disabled
  Caching has been disabled for the task
Skipping task ':data:generateDebugUnitTestConfig' as it is up-to-date.
Resolve mutations for :data:javaPreCompileDebugUnitTest (Thread[#2347,Execution worker Thread 12,5,main]) started.
:data:javaPreCompileDebugUnitTest (Thread[#2345,Execution worker Thread 10,5,main]) started.

> Task :data:javaPreCompileDebugUnitTest UP-TO-DATE
Caching disabled for task ':data:javaPreCompileDebugUnitTest' because:
  Build cache is disabled
Skipping task ':data:javaPreCompileDebugUnitTest' as it is up-to-date.
Resolve mutations for :domain:processDebugJavaRes (Thread[#2345,Execution worker Thread 10,5,main]) started.
:domain:processDebugJavaRes (Thread[#2345,Execution worker Thread 10,5,main]) started.

> Task :domain:processDebugJavaRes UP-TO-DATE
file or directory 'C:\Users\audoc\apps\lango-dev\lango-mvp-android\domain\src\main\resources', not found
file or directory 'C:\Users\audoc\apps\lango-dev\lango-mvp-android\domain\src\debug\resources', not found
file or directory 'C:\Users\audoc\apps\lango-dev\lango-mvp-android\domain\src\main\resources', not found
file or directory 'C:\Users\audoc\apps\lango-dev\lango-mvp-android\domain\src\debug\resources', not found
Caching disabled for task ':domain:processDebugJavaRes' because:
  Build cache is disabled
  Caching has been disabled for the task
Skipping task ':domain:processDebugJavaRes' as it is up-to-date.
work action resolve out (project :domain) (Thread[#2345,Execution worker Thread 10,5,main]) started.

> Task :data:kaptGenerateStubsDebugKotlin
GradleBuildProject.Builder should not be accessed through AnalyticsConfiguratorService after AnalyticsService is created. Analytics information of this build might be incomplete.
Caching disabled for task ':data:kaptGenerateStubsDebugKotlin' because:
  Build cache is disabled
Task ':data:kaptGenerateStubsDebugKotlin' is not up-to-date because:
  Input property 'sources' file C:\Users\audoc\apps\lango-dev\lango-mvp-android\data\src\main\kotlin\com\example\data\LearningRepositoryImpl.kt has changed.
file or directory 'C:\Users\audoc\apps\lango-dev\lango-mvp-android\data\src\debug\kotlin', not found
file or directory 'C:\Users\audoc\apps\lango-dev\lango-mvp-android\data\src\debug\java', not found
file or directory 'C:\Users\audoc\apps\lango-dev\lango-mvp-android\data\src\debug\kotlin', not found
file or directory 'C:\Users\audoc\apps\lango-dev\lango-mvp-android\data\src\debug\kotlin', not found
file or directory 'C:\Users\audoc\apps\lango-dev\lango-mvp-android\data\src\debug\java', not found
file or directory 'C:\Users\audoc\apps\lango-dev\lango-mvp-android\data\src\debug\kotlin', not found
file or directory 'C:\Users\audoc\apps\lango-dev\lango-mvp-android\data\src\debug\java', not found
file or directory 'C:\Users\audoc\apps\lango-dev\lango-mvp-android\data\src\debug\kotlin', not found
file or directory 'C:\Users\audoc\apps\lango-dev\lango-mvp-android\data\src\debug\kotlin', not found
file or directory 'C:\Users\audoc\apps\lango-dev\lango-mvp-android\data\src\debug\java', not found
file or directory 'C:\Users\audoc\apps\lango-dev\lango-mvp-android\data\src\debug\java', not found
file or directory 'C:\Users\audoc\apps\lango-dev\lango-mvp-android\data\src\debug\kotlin', not found
file or directory 'C:\Users\audoc\apps\lango-dev\lango-mvp-android\data\src\debug\java', not found
file or directory 'C:\Users\audoc\apps\lango-dev\lango-mvp-android\data\src\debug\kotlin', not found
file or directory 'C:\Users\audoc\apps\lango-dev\lango-mvp-android\data\src\debug\kotlin', not found
file or directory 'C:\Users\audoc\apps\lango-dev\lango-mvp-android\data\src\debug\java', not found
file or directory 'C:\Users\audoc\apps\lango-dev\lango-mvp-android\data\src\debug\kotlin', not found
file or directory 'C:\Users\audoc\apps\lango-dev\lango-mvp-android\data\src\debug\java', not found
file or directory 'C:\Users\audoc\apps\lango-dev\lango-mvp-android\data\src\debug\kotlin', not found
file or directory 'C:\Users\audoc\apps\lango-dev\lango-mvp-android\data\src\debug\kotlin', not found
file or directory 'C:\Users\audoc\apps\lango-dev\lango-mvp-android\data\src\debug\java', not found
file or directory 'C:\Users\audoc\apps\lango-dev\lango-mvp-android\data\src\debug\java', not found
file or directory 'C:\Users\audoc\apps\lango-dev\lango-mvp-android\data\src\debug\kotlin', not found
file or directory 'C:\Users\audoc\apps\lango-dev\lango-mvp-android\data\src\debug\java', not found
file or directory 'C:\Users\audoc\apps\lango-dev\lango-mvp-android\data\src\debug\kotlin', not found
file or directory 'C:\Users\audoc\apps\lango-dev\lango-mvp-android\data\src\debug\kotlin', not found
file or directory 'C:\Users\audoc\apps\lango-dev\lango-mvp-android\data\src\debug\java', not found
file or directory 'C:\Users\audoc\apps\lango-dev\lango-mvp-android\data\src\debug\kotlin', not found
file or directory 'C:\Users\audoc\apps\lango-dev\lango-mvp-android\data\src\debug\java', not found
file or directory 'C:\Users\audoc\apps\lango-dev\lango-mvp-android\data\src\debug\kotlin', not found
file or directory 'C:\Users\audoc\apps\lango-dev\lango-mvp-android\data\src\debug\kotlin', not found
file or directory 'C:\Users\audoc\apps\lango-dev\lango-mvp-android\data\src\debug\java', not found
file or directory 'C:\Users\audoc\apps\lango-dev\lango-mvp-android\data\src\debug\java', not found
Using Kotlin/JVM incremental compilation
[KOTLIN] Kotlin compilation 'jdkHome' argument: null
Options for KOTLIN DAEMON: IncrementalCompilationOptions(super=CompilationOptions(compilerMode=INCREMENTAL_COMPILER, targetPlatform=JVM, reportCategories=[0, 3], reportSeverity=2, requestedCompilationResults=[0], kotlinScriptExtensions=[]), sourceChanges=org.jetbrains.kotlin.buildtools.api.SourcesChanges$Known@5a986380, classpathChanges=NoChanges, workingDir=C:\Users\audoc\apps\lango-dev\lango-mvp-android\data\build\kotlin\kaptGenerateStubsDebugKotlin\cacheable, multiModuleICSettings=MultiModuleICSettings(buildHistoryFile=C:\Users\audoc\apps\lango-dev\lango-mvp-android\data\build\kotlin\kaptGenerateStubsDebugKotlin\local-state\build-history.bin, useModuleDetection=true), icFeatures=IncrementalCompilationFeatures(usePreciseJavaTracking=true, withAbiSnapshot=false, preciseCompilationResultsBackup=true, keepIncrementalCompilationCachesInMemory=true, enableUnsafeIncrementalCompilationForMultiplatform=false, enableMonotonousIncrementalCompileSetExpansion=true), outputFiles=[C:\Users\audoc\apps\lango-dev\lango-mvp-android\data\build\tmp\kapt3\incrementalData\debug, C:\Users\audoc\apps\lango-dev\lango-mvp-android\data\build\tmp\kapt3\stubs\debug, C:\Users\audoc\apps\lango-dev\lango-mvp-android\data\build\kotlin\kaptGenerateStubsDebugKotlin\cacheable, C:\Users\audoc\apps\lango-dev\lango-mvp-android\data\build\kotlin\kaptGenerateStubsDebugKotlin\local-state])
Finished executing kotlin compiler using DAEMON strategy
Resolve mutations for :data:kaptDebugKotlin (Thread[#2344,Execution worker Thread 9,5,main]) started.
:data:kaptDebugKotlin (Thread[#2344,Execution worker Thread 9,5,main]) started.

> Task :data:kaptDebugKotlin UP-TO-DATE
file or directory 'C:\Users\audoc\apps\lango-dev\lango-mvp-android\data\src\debug\kotlin', not found
file or directory 'C:\Users\audoc\apps\lango-dev\lango-mvp-android\data\src\debug\java', not found
file or directory 'C:\Users\audoc\apps\lango-dev\lango-mvp-android\data\src\debug\kotlin', not found
file or directory 'C:\Users\audoc\apps\lango-dev\lango-mvp-android\data\src\debug\kotlin', not found
file or directory 'C:\Users\audoc\apps\lango-dev\lango-mvp-android\data\src\debug\java', not found
file or directory 'C:\Users\audoc\apps\lango-dev\lango-mvp-android\data\src\debug\kotlin', not found
file or directory 'C:\Users\audoc\apps\lango-dev\lango-mvp-android\data\src\debug\java', not found
file or directory 'C:\Users\audoc\apps\lango-dev\lango-mvp-android\data\src\debug\kotlin', not found
file or directory 'C:\Users\audoc\apps\lango-dev\lango-mvp-android\data\src\debug\kotlin', not found
file or directory 'C:\Users\audoc\apps\lango-dev\lango-mvp-android\data\src\debug\java', not found
file or directory 'C:\Users\audoc\apps\lango-dev\lango-mvp-android\data\src\debug\java', not found
Caching disabled for task ':data:kaptDebugKotlin' because:
  Build cache is disabled
Skipping task ':data:kaptDebugKotlin' as it is up-to-date.
Resolve mutations for :data:compileDebugKotlin (Thread[#2344,Execution worker Thread 9,5,main]) started.
:data:compileDebugKotlin (Thread[#2344,Execution worker Thread 9,5,main]) started.

> Task :data:compileDebugKotlin
Caching disabled for task ':data:compileDebugKotlin' because:
  Build cache is disabled
Task ':data:compileDebugKotlin' is not up-to-date because:
  Input property 'sources' file C:\Users\audoc\apps\lango-dev\lango-mvp-android\data\src\main\kotlin\com\example\data\LearningRepositoryImpl.kt has changed.
file or directory 'C:\Users\audoc\apps\lango-dev\lango-mvp-android\data\src\debug\kotlin', not found
file or directory 'C:\Users\audoc\apps\lango-dev\lango-mvp-android\data\src\debug\java', not found
file or directory 'C:\Users\audoc\apps\lango-dev\lango-mvp-android\data\src\debug\kotlin', not found
file or directory 'C:\Users\audoc\apps\lango-dev\lango-mvp-android\data\src\debug\kotlin', not found
file or directory 'C:\Users\audoc\apps\lango-dev\lango-mvp-android\data\src\debug\java', not found
file or directory 'C:\Users\audoc\apps\lango-dev\lango-mvp-android\data\src\debug\kotlin', not found
file or directory 'C:\Users\audoc\apps\lango-dev\lango-mvp-android\data\src\debug\java', not found
file or directory 'C:\Users\audoc\apps\lango-dev\lango-mvp-android\data\src\debug\kotlin', not found
file or directory 'C:\Users\audoc\apps\lango-dev\lango-mvp-android\data\src\debug\kotlin', not found
file or directory 'C:\Users\audoc\apps\lango-dev\lango-mvp-android\data\src\debug\java', not found
file or directory 'C:\Users\audoc\apps\lango-dev\lango-mvp-android\data\src\debug\java', not found
file or directory 'C:\Users\audoc\apps\lango-dev\lango-mvp-android\data\src\debug\kotlin', not found
file or directory 'C:\Users\audoc\apps\lango-dev\lango-mvp-android\data\src\debug\java', not found
file or directory 'C:\Users\audoc\apps\lango-dev\lango-mvp-android\data\src\debug\kotlin', not found
file or directory 'C:\Users\audoc\apps\lango-dev\lango-mvp-android\data\src\debug\kotlin', not found
file or directory 'C:\Users\audoc\apps\lango-dev\lango-mvp-android\data\src\debug\java', not found
file or directory 'C:\Users\audoc\apps\lango-dev\lango-mvp-android\data\src\debug\kotlin', not found
file or directory 'C:\Users\audoc\apps\lango-dev\lango-mvp-android\data\src\debug\java', not found
file or directory 'C:\Users\audoc\apps\lango-dev\lango-mvp-android\data\src\debug\kotlin', not found
file or directory 'C:\Users\audoc\apps\lango-dev\lango-mvp-android\data\src\debug\kotlin', not found
file or directory 'C:\Users\audoc\apps\lango-dev\lango-mvp-android\data\src\debug\java', not found
file or directory 'C:\Users\audoc\apps\lango-dev\lango-mvp-android\data\src\debug\java', not found
file or directory 'C:\Users\audoc\apps\lango-dev\lango-mvp-android\data\src\debug\kotlin', not found
file or directory 'C:\Users\audoc\apps\lango-dev\lango-mvp-android\data\src\debug\java', not found
file or directory 'C:\Users\audoc\apps\lango-dev\lango-mvp-android\data\src\debug\kotlin', not found
file or directory 'C:\Users\audoc\apps\lango-dev\lango-mvp-android\data\src\debug\kotlin', not found
file or directory 'C:\Users\audoc\apps\lango-dev\lango-mvp-android\data\src\debug\java', not found
file or directory 'C:\Users\audoc\apps\lango-dev\lango-mvp-android\data\src\debug\kotlin', not found
file or directory 'C:\Users\audoc\apps\lango-dev\lango-mvp-android\data\src\debug\java', not found
file or directory 'C:\Users\audoc\apps\lango-dev\lango-mvp-android\data\src\debug\kotlin', not found
file or directory 'C:\Users\audoc\apps\lango-dev\lango-mvp-android\data\src\debug\kotlin', not found
file or directory 'C:\Users\audoc\apps\lango-dev\lango-mvp-android\data\src\debug\java', not found
file or directory 'C:\Users\audoc\apps\lango-dev\lango-mvp-android\data\src\debug\java', not found
file or directory 'C:\Users\audoc\apps\lango-dev\lango-mvp-android\data\src\debug\kotlin', not found
file or directory 'C:\Users\audoc\apps\lango-dev\lango-mvp-android\data\src\debug\java', not found
file or directory 'C:\Users\audoc\apps\lango-dev\lango-mvp-android\data\src\debug\kotlin', not found
file or directory 'C:\Users\audoc\apps\lango-dev\lango-mvp-android\data\src\debug\kotlin', not found
file or directory 'C:\Users\audoc\apps\lango-dev\lango-mvp-android\data\src\debug\java', not found
file or directory 'C:\Users\audoc\apps\lango-dev\lango-mvp-android\data\src\debug\kotlin', not found
file or directory 'C:\Users\audoc\apps\lango-dev\lango-mvp-android\data\src\debug\java', not found
file or directory 'C:\Users\audoc\apps\lango-dev\lango-mvp-android\data\src\debug\kotlin', not found
file or directory 'C:\Users\audoc\apps\lango-dev\lango-mvp-android\data\src\debug\kotlin', not found
file or directory 'C:\Users\audoc\apps\lango-dev\lango-mvp-android\data\src\debug\java', not found
file or directory 'C:\Users\audoc\apps\lango-dev\lango-mvp-android\data\src\debug\java', not found
Kotlin source files: C:\Users\audoc\apps\lango-dev\lango-mvp-android\data\src\main\kotlin\com\example\data\LearningRepositoryImpl.kt
Java source files: C:\Users\audoc\apps\lango-dev\lango-mvp-android\data\build\generated\source\kapt\debug\com\example\data\LearningRepositoryImpl_Factory.java
Script source files: 
Script file extensions: 
Using Kotlin/JVM incremental compilation
[KOTLIN] Kotlin compilation 'jdkHome' argument: null
Options for KOTLIN DAEMON: IncrementalCompilationOptions(super=CompilationOptions(compilerMode=INCREMENTAL_COMPILER, targetPlatform=JVM, reportCategories=[0, 3], reportSeverity=2, requestedCompilationResults=[0], kotlinScriptExtensions=[]), sourceChanges=org.jetbrains.kotlin.buildtools.api.SourcesChanges$Known@5f935c78, classpathChanges=NoChanges, workingDir=C:\Users\audoc\apps\lango-dev\lango-mvp-android\data\build\kotlin\compileDebugKotlin\cacheable, multiModuleICSettings=MultiModuleICSettings(buildHistoryFile=C:\Users\audoc\apps\lango-dev\lango-mvp-android\data\build\kotlin\compileDebugKotlin\local-state\build-history.bin, useModuleDetection=true), icFeatures=IncrementalCompilationFeatures(usePreciseJavaTracking=true, withAbiSnapshot=false, preciseCompilationResultsBackup=true, keepIncrementalCompilationCachesInMemory=true, enableUnsafeIncrementalCompilationForMultiplatform=false, enableMonotonousIncrementalCompileSetExpansion=true), outputFiles=[C:\Users\audoc\apps\lango-dev\lango-mvp-android\data\build\tmp\kotlin-classes\debug, C:\Users\audoc\apps\lango-dev\lango-mvp-android\data\build\kotlin\compileDebugKotlin\cacheable, C:\Users\audoc\apps\lango-dev\lango-mvp-android\data\build\kotlin\compileDebugKotlin\local-state])
Finished executing kotlin compiler using DAEMON strategy
Resolve mutations for :data:compileDebugJavaWithJavac (Thread[#2344,Execution worker Thread 9,5,main]) started.
:data:compileDebugJavaWithJavac (Thread[#2344,Execution worker Thread 9,5,main]) started.

> Task :data:compileDebugJavaWithJavac
Custom actions are attached to task ':data:compileDebugJavaWithJavac'.
Caching disabled for task ':data:compileDebugJavaWithJavac' because:
  Build cache is disabled
Task ':data:compileDebugJavaWithJavac' is not up-to-date because:
  Input property 'classpath' file C:\Users\audoc\apps\lango-dev\lango-mvp-android\data\build\tmp\kotlin-classes\debug\com\example\data\LearningRepositoryImpl.class has changed.
Compilation mode: in-process compilation
Created classpath snapshot for incremental compilation in 0.023 secs.
file or directory 'C:\Users\audoc\apps\lango-dev\lango-mvp-android\data\src\debug\java', not found
Compiling with toolchain 'C:\Program Files\Java\jdk-24'.
file or directory 'C:\Users\audoc\apps\lango-dev\lango-mvp-android\data\src\debug\java', not found
Compiling with JDK Java compiler API.
Incremental compilation of 1 classes completed in 0.534 secs.
Class dependency analysis for incremental compilation took 0.002 secs.
Resolve mutations for :data:transformDebugClassesWithAsm (Thread[#2344,Execution worker Thread 9,5,main]) started.
:data:transformDebugClassesWithAsm (Thread[#2343,Execution worker Thread 8,5,main]) started.
Resolve mutations for :data:processDebugJavaRes (Thread[#2349,Execution worker Thread 14,5,main]) started.
:data:processDebugJavaRes (Thread[#2349,Execution worker Thread 14,5,main]) started.

> Task :data:processDebugJavaRes UP-TO-DATE
file or directory 'C:\Users\audoc\apps\lango-dev\lango-mvp-android\data\src\main\resources', not found
file or directory 'C:\Users\audoc\apps\lango-dev\lango-mvp-android\data\src\debug\resources', not found
file or directory 'C:\Users\audoc\apps\lango-dev\lango-mvp-android\data\src\main\resources', not found
file or directory 'C:\Users\audoc\apps\lango-dev\lango-mvp-android\data\src\debug\resources', not found
Caching disabled for task ':data:processDebugJavaRes' because:
  Build cache is disabled
  Caching has been disabled for the task
Skipping task ':data:processDebugJavaRes' as it is up-to-date.
work action resolve out (project :data) (Thread[#2349,Execution worker Thread 14,5,main]) started.

> Task :data:transformDebugClassesWithAsm
Caching disabled for task ':data:transformDebugClassesWithAsm' because:
  Build cache is disabled
Task ':data:transformDebugClassesWithAsm' is not up-to-date because:
  Input property 'inputClassesDir' file C:\Users\audoc\apps\lango-dev\lango-mvp-android\data\build\tmp\kotlin-classes\debug\com\example\data\LearningRepositoryImpl$loadQueues$2.class has changed.
  Input property 'inputClassesDir' file C:\Users\audoc\apps\lango-dev\lango-mvp-android\data\build\tmp\kotlin-classes\debug\com\example\data\LearningRepositoryImpl$saveQueues$1.class has changed.
  Input property 'inputClassesDir' file C:\Users\audoc\apps\lango-dev\lango-mvp-android\data\build\tmp\kotlin-classes\debug\com\example\data\LearningRepositoryImpl$saveQueues$2.class has changed.
  and more...
Resolve mutations for :data:bundleLibRuntimeToJarDebug (Thread[#2343,Execution worker Thread 8,5,main]) started.
:data:bundleLibRuntimeToJarDebug (Thread[#2343,Execution worker Thread 8,5,main]) started.
Resolve mutations for :data:bundleLibCompileToJarDebug (Thread[#2349,Execution worker Thread 14,5,main]) started.
:data:bundleLibCompileToJarDebug (Thread[#2349,Execution worker Thread 14,5,main]) started.

> Task :data:bundleLibRuntimeToJarDebug
Caching disabled for task ':data:bundleLibRuntimeToJarDebug' because:
  Build cache is disabled
  Simple merging task
Task ':data:bundleLibRuntimeToJarDebug' is not up-to-date because:
  Input property 'classes' file C:\Users\audoc\apps\lango-dev\lango-mvp-android\data\build\intermediates\classes\debug\transformDebugClassesWithAsm\dirs\com\example\data\LearningRepositoryImpl$loadQueues$2.class has changed.
  Input property 'classes' file C:\Users\audoc\apps\lango-dev\lango-mvp-android\data\build\intermediates\classes\debug\transformDebugClassesWithAsm\dirs\com\example\data\LearningRepositoryImpl$saveQueues$1.class has changed.
  Input property 'classes' file C:\Users\audoc\apps\lango-dev\lango-mvp-android\data\build\intermediates\classes\debug\transformDebugClassesWithAsm\dirs\com\example\data\LearningRepositoryImpl$saveQueues$2.class has changed.
  and more...
work action resolve classes.jar (project :data) (Thread[#2343,Execution worker Thread 8,5,main]) started.
IdentityTransform (Thread[#2343,Execution worker Thread 8,5,main]) started.

> Task :data:bundleLibCompileToJarDebug
Caching disabled for task ':data:bundleLibCompileToJarDebug' because:
  Build cache is disabled
  Simple merging task
Task ':data:bundleLibCompileToJarDebug' is not up-to-date because:
  Input property 'classes' file C:\Users\audoc\apps\lango-dev\lango-mvp-android\data\build\intermediates\classes\debug\transformDebugClassesWithAsm\dirs\com\example\data\LearningRepositoryImpl$loadQueues$2.class has changed.
  Input property 'classes' file C:\Users\audoc\apps\lango-dev\lango-mvp-android\data\build\intermediates\classes\debug\transformDebugClassesWithAsm\dirs\com\example\data\LearningRepositoryImpl$saveQueues$1.class has changed.
  Input property 'classes' file C:\Users\audoc\apps\lango-dev\lango-mvp-android\data\build\intermediates\classes\debug\transformDebugClassesWithAsm\dirs\com\example\data\LearningRepositoryImpl$saveQueues$2.class has changed.
  and more...
work action resolve classes.jar (project :data) (Thread[#2349,Execution worker Thread 14,5,main]) started.
Resolve mutations for :data:kaptGenerateStubsDebugUnitTestKotlin (Thread[#2349,Execution worker Thread 14,5,main]) started.
:data:kaptGenerateStubsDebugUnitTestKotlin (Thread[#2349,Execution worker Thread 14,5,main]) started.

> Transform classes.jar (project :data) with IdentityTransform
Caching disabled for IdentityTransform: C:\Users\audoc\apps\lango-dev\lango-mvp-android\data\build\intermediates\runtime_library_classes_jar\debug\bundleLibRuntimeToJarDebug\classes.jar because:
  Build cache is disabled
  Caching not enabled.
CopyTransform (Thread[#2343,Execution worker Thread 8,5,main]) started.

> Transform classes.jar (project :data) with CopyTransform
Caching disabled for CopyTransform: C:\Users\audoc\apps\lango-dev\lango-mvp-android\data\build\intermediates\runtime_library_classes_jar\debug\bundleLibRuntimeToJarDebug\classes.jar because:
  Build cache is disabled
  Caching not enabled.
AggregatedPackagesTransform (Thread[#2343,Execution worker Thread 8,5,main]) started.

> Transform classes.jar (project :data) with AggregatedPackagesTransform
Caching disabled for AggregatedPackagesTransform: C:\Users\audoc\apps\lango-dev\lango-mvp-android\data\build\intermediates\runtime_library_classes_jar\debug\bundleLibRuntimeToJarDebug\classes.jar because:
  Build cache is disabled

> Task :data:kaptGenerateStubsDebugUnitTestKotlin
Caching disabled for BuildToolsApiClasspathEntrySnapshotTransform: C:\Users\audoc\apps\lango-dev\lango-mvp-android\data\build\intermediates\compile_library_classes_jar\debug\bundleLibCompileToJarDebug\classes.jar because:
  Build cache is disabled
Caching disabled for task ':data:kaptGenerateStubsDebugUnitTestKotlin' because:
  Build cache is disabled
Task ':data:kaptGenerateStubsDebugUnitTestKotlin' is not up-to-date because:
  Input property 'classpathSnapshotProperties.classpathSnapshot' file C:\Users\audoc\.gradle\caches\8.14.3\transforms\4f547d1e60192f4a4a1b59bad6a15125\transformed\classes_jar-snapshot.bin has been removed.
  Input property 'classpathSnapshotProperties.classpathSnapshot' file C:\Users\audoc\.gradle\caches\8.14.3\transforms\9b1bf7e2fd90dccc8360dbf37754b3ca\transformed\classes_jar-snapshot.bin has been added.
file or directory 'C:\Users\audoc\apps\lango-dev\lango-mvp-android\data\src\debugUnitTest\kotlin', not found
file or directory 'C:\Users\audoc\apps\lango-dev\lango-mvp-android\data\src\testDebug\kotlin', not found
file or directory 'C:\Users\audoc\apps\lango-dev\lango-mvp-android\data\src\testDebug\java', not found
file or directory 'C:\Users\audoc\apps\lango-dev\lango-mvp-android\data\src\testDebug\kotlin', not found
file or directory 'C:\Users\audoc\apps\lango-dev\lango-mvp-android\data\src\testDebug\kotlin', not found
file or directory 'C:\Users\audoc\apps\lango-dev\lango-mvp-android\data\src\testDebug\java', not found
file or directory 'C:\Users\audoc\apps\lango-dev\lango-mvp-android\data\src\testDebug\kotlin', not found
file or directory 'C:\Users\audoc\apps\lango-dev\lango-mvp-android\data\src\testDebug\java', not found
file or directory 'C:\Users\audoc\apps\lango-dev\lango-mvp-android\data\src\testDebug\kotlin', not found
file or directory 'C:\Users\audoc\apps\lango-dev\lango-mvp-android\data\src\testDebug\kotlin', not found
file or directory 'C:\Users\audoc\apps\lango-dev\lango-mvp-android\data\src\testDebug\java', not found
file or directory 'C:\Users\audoc\apps\lango-dev\lango-mvp-android\data\src\testDebug\java', not found
file or directory 'C:\Users\audoc\apps\lango-dev\lango-mvp-android\data\src\debugUnitTest\kotlin', not found
file or directory 'C:\Users\audoc\apps\lango-dev\lango-mvp-android\data\src\testDebug\kotlin', not found
file or directory 'C:\Users\audoc\apps\lango-dev\lango-mvp-android\data\src\testDebug\java', not found
file or directory 'C:\Users\audoc\apps\lango-dev\lango-mvp-android\data\src\testDebug\kotlin', not found
file or directory 'C:\Users\audoc\apps\lango-dev\lango-mvp-android\data\src\testDebug\kotlin', not found
file or directory 'C:\Users\audoc\apps\lango-dev\lango-mvp-android\data\src\testDebug\java', not found
file or directory 'C:\Users\audoc\apps\lango-dev\lango-mvp-android\data\src\testDebug\kotlin', not found
file or directory 'C:\Users\audoc\apps\lango-dev\lango-mvp-android\data\src\testDebug\java', not found
file or directory 'C:\Users\audoc\apps\lango-dev\lango-mvp-android\data\src\testDebug\kotlin', not found
file or directory 'C:\Users\audoc\apps\lango-dev\lango-mvp-android\data\src\testDebug\kotlin', not found
file or directory 'C:\Users\audoc\apps\lango-dev\lango-mvp-android\data\src\testDebug\java', not found
file or directory 'C:\Users\audoc\apps\lango-dev\lango-mvp-android\data\src\testDebug\java', not found
file or directory 'C:\Users\audoc\apps\lango-dev\lango-mvp-android\data\src\debugUnitTest\kotlin', not found
file or directory 'C:\Users\audoc\apps\lango-dev\lango-mvp-android\data\src\testDebug\kotlin', not found
file or directory 'C:\Users\audoc\apps\lango-dev\lango-mvp-android\data\src\testDebug\java', not found
file or directory 'C:\Users\audoc\apps\lango-dev\lango-mvp-android\data\src\testDebug\kotlin', not found
file or directory 'C:\Users\audoc\apps\lango-dev\lango-mvp-android\data\src\testDebug\kotlin', not found
file or directory 'C:\Users\audoc\apps\lango-dev\lango-mvp-android\data\src\testDebug\java', not found
file or directory 'C:\Users\audoc\apps\lango-dev\lango-mvp-android\data\src\testDebug\kotlin', not found
file or directory 'C:\Users\audoc\apps\lango-dev\lango-mvp-android\data\src\testDebug\java', not found
file or directory 'C:\Users\audoc\apps\lango-dev\lango-mvp-android\data\src\testDebug\kotlin', not found
file or directory 'C:\Users\audoc\apps\lango-dev\lango-mvp-android\data\src\testDebug\kotlin', not found
file or directory 'C:\Users\audoc\apps\lango-dev\lango-mvp-android\data\src\testDebug\java', not found
file or directory 'C:\Users\audoc\apps\lango-dev\lango-mvp-android\data\src\testDebug\java', not found
Using Kotlin/JVM incremental compilation
[KOTLIN] Kotlin compilation 'jdkHome' argument: null
Options for KOTLIN DAEMON: IncrementalCompilationOptions(super=CompilationOptions(compilerMode=INCREMENTAL_COMPILER, targetPlatform=JVM, reportCategories=[0, 3], reportSeverity=2, requestedCompilationResults=[0], kotlinScriptExtensions=[]), sourceChanges=org.jetbrains.kotlin.buildtools.api.SourcesChanges$Known@68736562, classpathChanges=ToBeComputedByIncrementalCompiler, workingDir=C:\Users\audoc\apps\lango-dev\lango-mvp-android\data\build\kotlin\kaptGenerateStubsDebugUnitTestKotlin\cacheable, multiModuleICSettings=MultiModuleICSettings(buildHistoryFile=C:\Users\audoc\apps\lango-dev\lango-mvp-android\data\build\kotlin\kaptGenerateStubsDebugUnitTestKotlin\local-state\build-history.bin, useModuleDetection=true), icFeatures=IncrementalCompilationFeatures(usePreciseJavaTracking=true, withAbiSnapshot=false, preciseCompilationResultsBackup=true, keepIncrementalCompilationCachesInMemory=true, enableUnsafeIncrementalCompilationForMultiplatform=false, enableMonotonousIncrementalCompileSetExpansion=true), outputFiles=[C:\Users\audoc\apps\lango-dev\lango-mvp-android\data\build\tmp\kapt3\incrementalData\debugUnitTest, C:\Users\audoc\apps\lango-dev\lango-mvp-android\data\build\tmp\kapt3\stubs\debugUnitTest, C:\Users\audoc\apps\lango-dev\lango-mvp-android\data\build\kotlin\kaptGenerateStubsDebugUnitTestKotlin\cacheable, C:\Users\audoc\apps\lango-dev\lango-mvp-android\data\build\kotlin\kaptGenerateStubsDebugUnitTestKotlin\local-state])
Finished executing kotlin compiler using DAEMON strategy
Resolve mutations for :data:kaptDebugUnitTestKotlin (Thread[#2349,Execution worker Thread 14,5,main]) started.
:data:kaptDebugUnitTestKotlin (Thread[#2349,Execution worker Thread 14,5,main]) started.

> Task :data:kaptDebugUnitTestKotlin
Caching disabled for StructureTransformAction: C:\Users\audoc\apps\lango-dev\lango-mvp-android\data\build\intermediates\compile_library_classes_jar\debug\bundleLibCompileToJarDebug\classes.jar because:
  Build cache is disabled
file or directory 'C:\Users\audoc\apps\lango-dev\lango-mvp-android\data\src\debugUnitTest\kotlin', not found
file or directory 'C:\Users\audoc\apps\lango-dev\lango-mvp-android\data\src\testDebug\kotlin', not found
file or directory 'C:\Users\audoc\apps\lango-dev\lango-mvp-android\data\src\testDebug\java', not found
file or directory 'C:\Users\audoc\apps\lango-dev\lango-mvp-android\data\src\testDebug\kotlin', not found
file or directory 'C:\Users\audoc\apps\lango-dev\lango-mvp-android\data\src\testDebug\kotlin', not found
file or directory 'C:\Users\audoc\apps\lango-dev\lango-mvp-android\data\src\testDebug\java', not found
file or directory 'C:\Users\audoc\apps\lango-dev\lango-mvp-android\data\src\testDebug\kotlin', not found
file or directory 'C:\Users\audoc\apps\lango-dev\lango-mvp-android\data\src\testDebug\java', not found
file or directory 'C:\Users\audoc\apps\lango-dev\lango-mvp-android\data\src\testDebug\kotlin', not found
file or directory 'C:\Users\audoc\apps\lango-dev\lango-mvp-android\data\src\testDebug\kotlin', not found
file or directory 'C:\Users\audoc\apps\lango-dev\lango-mvp-android\data\src\testDebug\java', not found
file or directory 'C:\Users\audoc\apps\lango-dev\lango-mvp-android\data\src\testDebug\java', not found
Caching disabled for task ':data:kaptDebugUnitTestKotlin' because:
  Build cache is disabled
Task ':data:kaptDebugUnitTestKotlin' is not up-to-date because:
  Input property 'classpathStructure' file C:\Users\audoc\.gradle\caches\8.14.3\transforms\fe033adc7d0cd1ae219a6ae279e7c5c5\transformed\output.bin has been added.
  Input property 'classpathStructure' file C:\Users\audoc\.gradle\caches\8.14.3\transforms\f554bb16a3dfcb14e9dc6887005e78be\transformed\output.bin has been removed.
  Input property 'internalNonAbiClasspath$kotlin_gradle_plugin_common' file C:\Users\audoc\apps\lango-dev\lango-mvp-android\data\build\intermediates\compile_library_classes_jar\debug\bundleLibCompileToJarDebug\classes.jar has changed.
Running kapt annotation processing using the Gradle Worker API
Full list of impacted classpath names: [com/example/data/LearningRepositoryImpl$saveQueues$2, com/example/data/LearningRepositoryImpl$saveQueues$1, com/example/data/LearningRepositoryImpl$loadQueues$2, com/example/data/LearningRepositoryImpl, com/example/data/LearningRepositoryImpl_Factory, com/example/data/LearningRepositoryImpl$loadQueues$1]. Took 177ms.
Using workers NONE isolation mode to run kapt
warning: The following options were not recognized by any processor: '[dagger.fastInit, dagger.hilt.android.internal.disableAndroidSuperclassValidation, dagger.hilt.android.internal.projectType, dagger.hilt.internal.useAggregatingRootProcessor, kapt.kotlin.generated]'
Resolve mutations for :data:compileDebugUnitTestKotlin (Thread[#2349,Execution worker Thread 14,5,main]) started.
:data:compileDebugUnitTestKotlin (Thread[#2349,Execution worker Thread 14,5,main]) started.

> Task :data:compileDebugUnitTestKotlin
Caching disabled for task ':data:compileDebugUnitTestKotlin' because:
  Build cache is disabled
Task ':data:compileDebugUnitTestKotlin' is not up-to-date because:
  Input property 'classpathSnapshotProperties.classpathSnapshot' file C:\Users\audoc\.gradle\caches\8.14.3\transforms\4f547d1e60192f4a4a1b59bad6a15125\transformed\classes_jar-snapshot.bin has been removed.
  Input property 'classpathSnapshotProperties.classpathSnapshot' file C:\Users\audoc\.gradle\caches\8.14.3\transforms\9b1bf7e2fd90dccc8360dbf37754b3ca\transformed\classes_jar-snapshot.bin has been added.
file or directory 'C:\Users\audoc\apps\lango-dev\lango-mvp-android\data\src\debugUnitTest\kotlin', not found
file or directory 'C:\Users\audoc\apps\lango-dev\lango-mvp-android\data\src\debugUnitTest\kotlin', not found
file or directory 'C:\Users\audoc\apps\lango-dev\lango-mvp-android\data\src\testDebug\kotlin', not found
file or directory 'C:\Users\audoc\apps\lango-dev\lango-mvp-android\data\src\testDebug\java', not found
file or directory 'C:\Users\audoc\apps\lango-dev\lango-mvp-android\data\src\testDebug\kotlin', not found
file or directory 'C:\Users\audoc\apps\lango-dev\lango-mvp-android\data\src\testDebug\kotlin', not found
file or directory 'C:\Users\audoc\apps\lango-dev\lango-mvp-android\data\src\testDebug\java', not found
file or directory 'C:\Users\audoc\apps\lango-dev\lango-mvp-android\data\src\testDebug\kotlin', not found
file or directory 'C:\Users\audoc\apps\lango-dev\lango-mvp-android\data\src\testDebug\java', not found
file or directory 'C:\Users\audoc\apps\lango-dev\lango-mvp-android\data\src\testDebug\kotlin', not found
file or directory 'C:\Users\audoc\apps\lango-dev\lango-mvp-android\data\src\testDebug\kotlin', not found
file or directory 'C:\Users\audoc\apps\lango-dev\lango-mvp-android\data\src\testDebug\java', not found
file or directory 'C:\Users\audoc\apps\lango-dev\lango-mvp-android\data\src\testDebug\java', not found
file or directory 'C:\Users\audoc\apps\lango-dev\lango-mvp-android\data\src\debugUnitTest\kotlin', not found
file or directory 'C:\Users\audoc\apps\lango-dev\lango-mvp-android\data\src\debugUnitTest\kotlin', not found
file or directory 'C:\Users\audoc\apps\lango-dev\lango-mvp-android\data\src\testDebug\kotlin', not found
file or directory 'C:\Users\audoc\apps\lango-dev\lango-mvp-android\data\src\testDebug\java', not found
file or directory 'C:\Users\audoc\apps\lango-dev\lango-mvp-android\data\src\testDebug\kotlin', not found
file or directory 'C:\Users\audoc\apps\lango-dev\lango-mvp-android\data\src\testDebug\kotlin', not found
file or directory 'C:\Users\audoc\apps\lango-dev\lango-mvp-android\data\src\testDebug\java', not found
file or directory 'C:\Users\audoc\apps\lango-dev\lango-mvp-android\data\src\testDebug\kotlin', not found
file or directory 'C:\Users\audoc\apps\lango-dev\lango-mvp-android\data\src\testDebug\java', not found
file or directory 'C:\Users\audoc\apps\lango-dev\lango-mvp-android\data\src\testDebug\kotlin', not found
file or directory 'C:\Users\audoc\apps\lango-dev\lango-mvp-android\data\src\testDebug\kotlin', not found
file or directory 'C:\Users\audoc\apps\lango-dev\lango-mvp-android\data\src\testDebug\java', not found
file or directory 'C:\Users\audoc\apps\lango-dev\lango-mvp-android\data\src\testDebug\java', not found
file or directory 'C:\Users\audoc\apps\lango-dev\lango-mvp-android\data\src\debugUnitTest\kotlin', not found
file or directory 'C:\Users\audoc\apps\lango-dev\lango-mvp-android\data\src\debugUnitTest\kotlin', not found
file or directory 'C:\Users\audoc\apps\lango-dev\lango-mvp-android\data\src\testDebug\kotlin', not found
file or directory 'C:\Users\audoc\apps\lango-dev\lango-mvp-android\data\src\testDebug\java', not found
file or directory 'C:\Users\audoc\apps\lango-dev\lango-mvp-android\data\src\testDebug\kotlin', not found
file or directory 'C:\Users\audoc\apps\lango-dev\lango-mvp-android\data\src\testDebug\kotlin', not found
file or directory 'C:\Users\audoc\apps\lango-dev\lango-mvp-android\data\src\testDebug\java', not found
file or directory 'C:\Users\audoc\apps\lango-dev\lango-mvp-android\data\src\testDebug\kotlin', not found
file or directory 'C:\Users\audoc\apps\lango-dev\lango-mvp-android\data\src\testDebug\java', not found
file or directory 'C:\Users\audoc\apps\lango-dev\lango-mvp-android\data\src\testDebug\kotlin', not found
file or directory 'C:\Users\audoc\apps\lango-dev\lango-mvp-android\data\src\testDebug\kotlin', not found
file or directory 'C:\Users\audoc\apps\lango-dev\lango-mvp-android\data\src\testDebug\java', not found
file or directory 'C:\Users\audoc\apps\lango-dev\lango-mvp-android\data\src\testDebug\java', not found
file or directory 'C:\Users\audoc\apps\lango-dev\lango-mvp-android\data\src\debugUnitTest\kotlin', not found
file or directory 'C:\Users\audoc\apps\lango-dev\lango-mvp-android\data\src\debugUnitTest\kotlin', not found
file or directory 'C:\Users\audoc\apps\lango-dev\lango-mvp-android\data\src\testDebug\kotlin', not found
file or directory 'C:\Users\audoc\apps\lango-dev\lango-mvp-android\data\src\testDebug\java', not found
file or directory 'C:\Users\audoc\apps\lango-dev\lango-mvp-android\data\src\testDebug\kotlin', not found
file or directory 'C:\Users\audoc\apps\lango-dev\lango-mvp-android\data\src\testDebug\kotlin', not found
file or directory 'C:\Users\audoc\apps\lango-dev\lango-mvp-android\data\src\testDebug\java', not found
file or directory 'C:\Users\audoc\apps\lango-dev\lango-mvp-android\data\src\testDebug\kotlin', not found
file or directory 'C:\Users\audoc\apps\lango-dev\lango-mvp-android\data\src\testDebug\java', not found
file or directory 'C:\Users\audoc\apps\lango-dev\lango-mvp-android\data\src\testDebug\kotlin', not found
file or directory 'C:\Users\audoc\apps\lango-dev\lango-mvp-android\data\src\testDebug\kotlin', not found
file or directory 'C:\Users\audoc\apps\lango-dev\lango-mvp-android\data\src\testDebug\java', not found
file or directory 'C:\Users\audoc\apps\lango-dev\lango-mvp-android\data\src\testDebug\java', not found
Kotlin source files: C:\Users\audoc\apps\lango-dev\lango-mvp-android\data\src\test\kotlin\com\example\data\BootstrapSmokeTest.kt, C:\Users\audoc\apps\lango-dev\lango-mvp-android\data\src\test\kotlin\com\example\data\JsonAssetLoaderTest.kt, C:\Users\audoc\apps\lango-dev\lango-mvp-android\data\src\test\kotlin\com\example\data\LearningRepositoryImplTest.kt
Java source files: 
Script source files: 
Script file extensions: 
Using Kotlin/JVM incremental compilation
[KOTLIN] Kotlin compilation 'jdkHome' argument: null
Options for KOTLIN DAEMON: IncrementalCompilationOptions(super=CompilationOptions(compilerMode=INCREMENTAL_COMPILER, targetPlatform=JVM, reportCategories=[0, 3], reportSeverity=2, requestedCompilationResults=[0], kotlinScriptExtensions=[]), sourceChanges=org.jetbrains.kotlin.buildtools.api.SourcesChanges$Known@3ec53cb3, classpathChanges=ToBeComputedByIncrementalCompiler, workingDir=C:\Users\audoc\apps\lango-dev\lango-mvp-android\data\build\kotlin\compileDebugUnitTestKotlin\cacheable, multiModuleICSettings=MultiModuleICSettings(buildHistoryFile=C:\Users\audoc\apps\lango-dev\lango-mvp-android\data\build\kotlin\compileDebugUnitTestKotlin\local-state\build-history.bin, useModuleDetection=true), icFeatures=IncrementalCompilationFeatures(usePreciseJavaTracking=true, withAbiSnapshot=false, preciseCompilationResultsBackup=true, keepIncrementalCompilationCachesInMemory=true, enableUnsafeIncrementalCompilationForMultiplatform=false, enableMonotonousIncrementalCompileSetExpansion=true), outputFiles=[C:\Users\audoc\apps\lango-dev\lango-mvp-android\data\build\tmp\kotlin-classes\debugUnitTest, C:\Users\audoc\apps\lango-dev\lango-mvp-android\data\build\kotlin\compileDebugUnitTestKotlin\cacheable, C:\Users\audoc\apps\lango-dev\lango-mvp-android\data\build\kotlin\compileDebugUnitTestKotlin\local-state])
Finished executing kotlin compiler using DAEMON strategy
Resolve mutations for :data:compileDebugUnitTestJavaWithJavac (Thread[#2349,Execution worker Thread 14,5,main]) started.
:data:compileDebugUnitTestJavaWithJavac (Thread[#2349,Execution worker Thread 14,5,main]) started.

> Task :data:compileDebugUnitTestJavaWithJavac NO-SOURCE
Skipping task ':data:compileDebugUnitTestJavaWithJavac' as it has no source files and no previous output files.
Resolve mutations for :data:hiltAggregateDepsDebugUnitTest (Thread[#2349,Execution worker Thread 14,5,main]) started.
:data:hiltAggregateDepsDebugUnitTest (Thread[#2349,Execution worker Thread 14,5,main]) started.

> Task :data:hiltAggregateDepsDebugUnitTest UP-TO-DATE
Caching disabled for IdentityTransform: C:\Users\audoc\apps\lango-dev\lango-mvp-android\data\build\intermediates\compile_library_classes_jar\debug\bundleLibCompileToJarDebug\classes.jar because:
  Build cache is disabled
  Caching not enabled.
Caching disabled for CopyTransform: C:\Users\audoc\apps\lango-dev\lango-mvp-android\data\build\intermediates\compile_library_classes_jar\debug\bundleLibCompileToJarDebug\classes.jar because:
  Build cache is disabled
  Caching not enabled.
Caching disabled for AggregatedPackagesTransform: C:\Users\audoc\apps\lango-dev\lango-mvp-android\data\build\intermediates\compile_library_classes_jar\debug\bundleLibCompileToJarDebug\classes.jar because:
  Build cache is disabled
Caching disabled for task ':data:hiltAggregateDepsDebugUnitTest' because:
  Build cache is disabled
Skipping task ':data:hiltAggregateDepsDebugUnitTest' as it is up-to-date.
Resolve mutations for :data:hiltJavaCompileDebugUnitTest (Thread[#2349,Execution worker Thread 14,5,main]) started.
:data:hiltJavaCompileDebugUnitTest (Thread[#2349,Execution worker Thread 14,5,main]) started.

> Task :data:hiltJavaCompileDebugUnitTest NO-SOURCE
Skipping task ':data:hiltJavaCompileDebugUnitTest' as it has no source files and no previous output files.
Resolve mutations for :data:processDebugUnitTestJavaRes (Thread[#2349,Execution worker Thread 14,5,main]) started.
:data:processDebugUnitTestJavaRes (Thread[#2349,Execution worker Thread 14,5,main]) started.

> Task :data:processDebugUnitTestJavaRes UP-TO-DATE
file or directory 'C:\Users\audoc\apps\lango-dev\lango-mvp-android\data\src\testDebug\resources', not found
file or directory 'C:\Users\audoc\apps\lango-dev\lango-mvp-android\data\src\testDebug\resources', not found
Caching disabled for task ':data:processDebugUnitTestJavaRes' because:
  Build cache is disabled
  Caching has been disabled for the task
Skipping task ':data:processDebugUnitTestJavaRes' as it is up-to-date.
Resolve mutations for :data:transformDebugUnitTestClassesWithAsm (Thread[#2349,Execution worker Thread 14,5,main]) started.
:data:transformDebugUnitTestClassesWithAsm (Thread[#2349,Execution worker Thread 14,5,main]) started.

> Task :data:transformDebugUnitTestClassesWithAsm
Caching disabled for task ':data:transformDebugUnitTestClassesWithAsm' because:
  Build cache is disabled
Task ':data:transformDebugUnitTestClassesWithAsm' is not up-to-date because:
  Input property 'runtimeClasspath' file C:\Users\audoc\apps\lango-dev\lango-mvp-android\data\build\intermediates\runtime_library_classes_jar\debug\bundleLibRuntimeToJarDebug\classes.jar has changed.
The input changes require a full rebuild for incremental task ':data:transformDebugUnitTestClassesWithAsm'.
Resolve mutations for :data:testDebugUnitTest (Thread[#2349,Execution worker Thread 14,5,main]) started.
:data:testDebugUnitTest (Thread[#2349,Execution worker Thread 14,5,main]) started.
Gradle Test Executor 6 started executing tests.

> Task :data:testDebugUnitTest
Caching disabled for task ':data:testDebugUnitTest' because:
  Build cache is disabled
Task ':data:testDebugUnitTest' is not up-to-date because:
  Task has failed previously.
Starting process 'Gradle Test Executor 6'. Working directory: C:\Users\audoc\apps\lango-dev\lango-mvp-android\data Command: C:\Program Files\Java\jdk-24\bin\java.exe -Djava.awt.headless=true -Djava.library.path=C:\Program Files\Java\jdk-24\bin;C:\WINDOWS\Sun\Java\bin;C:\WINDOWS\system32;C:\WINDOWS;C:\Program Files\Common Files\Oracle\Java\javapath;C:\Windows\system32;C:\Windows;C:\Windows\System32\Wbem;C:\Windows\System32\WindowsPowerShell\v1.0\;C:\Windows\System32\OpenSSH\;C:\Program Files (x86)\NVIDIA Corporation\PhysX\Common;C:\Program Files\NVIDIA Corporation\NVIDIA NvDLISR;C:\WINDOWS\system32;C:\WINDOWS;C:\WINDOWS\System32\Wbem;C:\WINDOWS\System32\WindowsPowerShell\v1.0\;C:\WINDOWS\System32\OpenSSH\;C:\Program Files\dotnet\;C:\Program Files\Git\cmd;C:\Program Files\nodejs\;C:\Program Files\Docker\Docker\resources\bin;C:\Gradle\gradle-8.14.3\bin;C:\Users\audoc\.local\bin;C:\Users\audoc\AppData\Local\Programs\Python\Python311\Scripts\;C:\Users\audoc\AppData\Local\Programs\Python\Python311\;C:\Users\audoc\AppData\Local\Microsoft\WindowsApps;C:\Users\audoc\AppData\Local\Programs\Microsoft VS Code\bin;C:\Users\audoc\AppData\Local\Programs\cursor\resources\app\bin;C:\Users\audoc\AppData\Roaming\npm;.;C:\Users\audoc\apps\lango-dev\lango-mvp-android\data\src\testDebug\jniLibs;C:\Users\audoc\apps\lango-dev\lango-mvp-android\data\src\test\jniLibs -Dorg.gradle.internal.worker.tmpdir=C:\Users\audoc\apps\lango-dev\lango-mvp-android\data\build\tmp\testDebugUnitTest\work -Drobolectric.logging.enabled=true --add-opens=java.base/java.io=ALL-UNNAMED @C:\Users\audoc\.gradle\.tmp\gradle-worker-classpath2780822340456675206txt -Xmx512m -Dfile.encoding=UTF-8 -Duser.country=US -Duser.language=en -Duser.variant -ea worker.org.gradle.process.internal.worker.GradleWorkerMain 'Gradle Test Executor 6'
Successfully started process 'Gradle Test Executor 6'

BootstrapSmokeTest STANDARD_OUT
    DEBUG: Shadow provider: org.robolectric.Shadows
    DEBUG: Manifest file location: build\intermediates\packaged_manifests\debugUnitTest\processDebugUnitTestManifest\AndroidManifest.xml
    DEBUG: Manifest doc location:
    build\intermediates\packaged_manifests\debugUnitTest\processDebugUnitTestManifest\AndroidManifest.xml
    INFO: Found org.robolectric:android-all-instrumented:8.0.0_r4-robolectric-r1-i7 in local maven repository

BootstrapSmokeTest > smoke test - empty queues after mastery STANDARD_OUT
    com.example.data.BootstrapSmokeTest.smoke test - empty queues after mastery: sdk=26

WARNING: A restricted method in java.lang.System has been called
WARNING: java.lang.System::load has been called by org.conscrypt.NativeLibraryUtil in an unnamed module (file:/C:/Users/audoc/.gradle/caches/modules-2/files-2.1/org.conscrypt/conscrypt-openjdk-uber/2.5.2/d858f142ea189c62771c505a6548d8606ac098fe/conscrypt-openjdk-uber-2.5.2.jar)
WARNING: Use --enable-native-access=ALL-UNNAMED to avoid a warning for callers in this module
WARNING: Restricted methods will be blocked in a future release unless native access is enabled


> Task :data:testDebugUnitTest
    Test filesDir: C:\Users\audoc\AppData\Local\Temp\robolectric-BootstrapSmokeTest_smoke_test_-_empty_queues_after_mastery13740190102566630926\com.example.data.test-dataDir\files
    IOException during save: The system cannot find the path specified

BootstrapSmokeTest > smoke test - empty queues after mastery STANDARD_ERROR
    java.io.IOException: The system cannot find the path specified
    	at java.base/java.io.WinNTFileSystem.createFileExclusively0(Native Method)
    	at java.base/java.io.WinNTFileSystem.createFileExclusively(WinNTFileSystem.java:530)
    	at java.base/java.io.File.createTempFile(File.java:1885)
    	at com.example.data.LearningRepositoryImpl.atomicWrite(LearningRepositoryImpl.kt:90)
    	at com.example.data.LearningRepositoryImpl.access$atomicWrite(LearningRepositoryImpl.kt:22)
    	at com.example.data.LearningRepositoryImpl$saveQueues$2.invokeSuspend(LearningRepositoryImpl.kt:57)
    	at kotlin.coroutines.jvm.internal.BaseContinuationImpl.resumeWith(ContinuationImpl.kt:33)
    	at kotlinx.coroutines.DispatchedTask.run(DispatchedTask.kt:100)
    	at kotlinx.coroutines.internal.LimitedDispatcher$Worker.run(LimitedDispatcher.kt:113)
    	at kotlinx.coroutines.scheduling.TaskImpl.run(Tasks.kt:89)
    	at kotlinx.coroutines.scheduling.CoroutineScheduler.runSafely(CoroutineScheduler.kt:586)
    	at kotlinx.coroutines.scheduling.CoroutineScheduler$Worker.executeTask(CoroutineScheduler.kt:820)
    	at kotlinx.coroutines.scheduling.CoroutineScheduler$Worker.runWorker(CoroutineScheduler.kt:717)
    	at kotlinx.coroutines.scheduling.CoroutineScheduler$Worker.run(CoroutineScheduler.kt:704)

BootstrapSmokeTest > smoke test - empty queues after mastery STANDARD_OUT
    copyFromAssets: Creating parent directories for C:\Users\audoc\AppData\Local\Temp\robolectric-BootstrapSmokeTest_smoke_test_-_empty_queues_after_mastery13740190102566630926\com.example.data.test-dataDir\files\queues
    copyFromAssets: Parent directories created: true
    copyFromAssets: Copying new_queue.json from assets
    copyFromAssets: new_queue.json copied: true
    copyFromAssets: Copying learned_queue.json from assets
    copyFromAssets: learned_queue.json copied: true
    New Queue Content: [
    {"id": "german_CP001", "token": "Entschuldigung", "category": "Blocks", "subcategory": "fixed", "presentation_count": 0, "usage_count": 0, "is_learned": false},
    {"id": "german_BB009", "token": "Keine Ahnung", "category": "Blocks", "subcategory": "fixed", "presentation_count": 0, "usage_count": 0, "is_learned": false},
    {"id": "german_BB050", "token": "Bis gleich", "category": "Blocks", "subcategory": "fixed", "presentation_count": 0, "usage_count": 0, "is_learned": false}
    ]

    Learned Queue Content: [
    {"id":"german_AA002","token":"sehr","presentation_count":6,"usage_count":4,"is_learned":true,"category": "Adjectives/Adverbs", "subcategory": "adverb"},
    {"id":"german_AA003","token":"viel","presentation_count":4,"usage_count":7,"is_learned":true,"category": "Adjectives/Adverbs", "subcategory": "adjective"},
    {"id":"german_AA005","token":"klein","presentation_count":7,"usage_count":9,"is_learned":true,"category": "Adjectives/Adverbs", "subcategory": "adjective"},
    {"id":"german_AA007","token":"neu","presentation_count":4,"usage_count":5,"is_learned":true,"category": "Adjectives/Adverbs", "subcategory": "adjective"},
    {"id":"german_AA008","token":"lang","presentation_count":10,"usage_count":10,"is_learned":true,"category": "Adjectives/Adverbs", "subcategory": "adjective"},
    {"id":"german_AA010","token":"wenig","presentation_count":6,"usage_count":6,"is_learned":true,"category": "Adjectives/Adverbs", "subcategory": "adjective"},
    {"id":"german_AA012","token":"spät","presentation_count":6,"usage_count":5,"is_learned":true,"category": "Adjectives/Adverbs", "subcategory": "adverb"},
    {"id":"german_AA014","token":"morgen","presentation_count":8,"usage_count":9,"is_learned":true,"category": "Adjectives/Adverbs", "subcategory": "adverb"},
    {"id":"german_AA013","token":"heute","presentation_count":4,"usage_count":6,"is_learned":true,"category": "Adjectives/Adverbs", "subcategory": "adverb"},
    {"id":"german_CS014","token":"Kannst du ___?","presentation_count":10,"usage_count":6,"is_learned":true,"category": "Core Stems", "subcategory": "parametric"},
    {"id":"german_CS013","token":"Wir müssen ___","presentation_count":8,"usage_count":7,"is_learned":true,"category": "Core Stems", "subcategory": "parametric"},
    {"id":"german_CS015","token":"Ich möchte ___.","presentation_count":8,"usage_count":7,"is_learned":true,"category": "Core Stems", "subcategory": "parametric"},
    {"id":"german_FW157","token":"schon","presentation_count":8,"usage_count":9,"is_learned":true,"category": "Function Words", "subcategory": "particle"},
    {"id":"german_V002","token":"haben","presentation_count":5,"usage_count":4,"is_learned":true,"category": "Verbs", "subcategory": "auxiliary"},
    {"id":"german_V009","token":"kommen","presentation_count":10,"usage_count":10,"is_learned":true,"category": "Verbs", "subcategory": "action"},
    {"id":"german_V012","token":"gehen","presentation_count":6,"usage_count":6,"is_learned":true,"category": "Verbs", "subcategory": "action"},
    {"id":"german_V011","token":"wollen","presentation_count":4,"usage_count":6,"is_learned":true,"category": "Verbs", "subcategory": "auxiliary"},
    {"id":"german_V005","token":"müssen","presentation_count":5,"usage_count":5,"is_learned":true,"category": "Verbs", "subcategory": "auxiliary"},
    {"id":"german_V004","token":"können","presentation_count":8,"usage_count":9,"is_learned":true,"category": "Verbs", "subcategory": "auxiliary"},
    {"id":"german_FW083","token":"sein","presentation_count":4,"usage_count":7,"is_learned":true,"category": "Function Words", "subcategory": "pronoun"},
    {"id":"german_V017","token":"finden","presentation_count":9,"usage_count":7,"is_learned":true,"category": "Verbs", "subcategory": "action"},
    {"id":"german_V026","token":"halten","presentation_count":6,"usage_count":5,"is_learned":true,"category": "Verbs", "subcategory": "action"},
    {"id":"german_V049","token":"beginnen","presentation_count":5,"usage_count":7,"is_learned":true,"category": "Verbs", "subcategory": "action"},
    {"id":"german_N001","token":"Mann","presentation_count":6,"usage_count":4,"is_learned":true,"category": "Nouns", "subcategory": "masculine"},
    {"id":"german_N003","token":"Kind","presentation_count":7,"usage_count":5,"is_learned":true,"category": "Nouns", "subcategory": "neuter"},
    {"id":"german_N002","token":"Frau","presentation_count":6,"usage_count":6,"is_learned":true,"category": "Nouns", "subcategory": "feminine"},
    {"id":"german_N004","token":"Haus","presentation_count":7,"usage_count":7,"is_learned":true,"category": "Nouns", "subcategory": "neuter"},
    {"id":"german_N005","token":"Stadt","presentation_count":9,"usage_count":9,"is_learned":true,"category": "Nouns", "subcategory": "feminine"},
    {"id":"german_N006","token":"Land","presentation_count":10,"usage_count":6,"is_learned":true,"category": "Nouns", "subcategory": "neuter"},
    {"id":"german_N008","token":"Hund","presentation_count":7,"usage_count":5,"is_learned":true,"category": "Nouns", "subcategory": "masculine"},
    {"id":"german_N011","token":"Baum","presentation_count":5,"usage_count":6,"is_learned":true,"category": "Nouns", "subcategory": "masculine"},
    {"id":"german_N017","token":"See","presentation_count":7,"usage_count":7,"is_learned":true,"category": "Nouns", "subcategory": "masculine"},
    {"id":"german_N018","token":"Straße","presentation_count":5,"usage_count":5,"is_learned":true,"category": "Nouns", "subcategory": "feminine"},
    {"id":"german_N029","token":"Schule","presentation_count":4,"usage_count":8,"is_learned":true,"category": "Nouns", "subcategory": "feminine"},
    {"id":"german_N040","token":"Papier","presentation_count":7,"usage_count":7,"is_learned":true,"category": "Nouns", "subcategory": "neuter"},
    {"id":"german_N045","token":"Bus","presentation_count":4,"usage_count":7,"is_learned":true,"category": "Nouns", "subcategory": "masculine"},
    {"id":"german_N050","token":"Milch","presentation_count":7,"usage_count":7,"is_learned":true,"category": "Nouns", "subcategory": "feminine"},
    {"id":"german_N049","token":"Brot","presentation_count":10,"usage_count":7,"is_learned":true,"category": "Nouns", "subcategory": "neuter"},
    {"id":"german_N051","token":"Wasser","presentation_count":8,"usage_count":10,"is_learned":true,"category": "Nouns", "subcategory": "neuter"},
    {"id":"german_N052","token":"Apfel","presentation_count":4,"usage_count":7,"is_learned":true,"category": "Nouns", "subcategory": "masculine"},
    {"id":"german_N055","token":"Fleisch","presentation_count":10,"usage_count":6,"is_learned":true,"category": "Nouns", "subcategory": "neuter"},
    {"id":"german_N057","token":"Suppe","presentation_count":6,"usage_count":4,"is_learned":true,"category": "Nouns", "subcategory": "feminine"},
    {"id":"german_N059","token":"Glas","presentation_count":8,"usage_count":6,"is_learned":true,"category": "Nouns", "subcategory": "neuter"},
    {"id":"german_N079","token":"Musik","presentation_count":5,"usage_count":5,"is_learned":true,"category": "Nouns", "subcategory": "feminine"},
    {"id":"german_N094","token":"Freund","presentation_count":7,"usage_count":10,"is_learned":true,"category": "Nouns", "subcategory": "masculine"},
    {"id":"german_N095","token":"Freundin","presentation_count":10,"usage_count":10,"is_learned":true,"category": "Nouns", "subcategory": "feminine"},
    {"id":"german_N093","token":"Mutter","presentation_count":4,"usage_count":8,"is_learned":true,"category": "Nouns", "subcategory": "feminine"},
    {"id":"german_N092","token":"Vater","presentation_count":6,"usage_count":9,"is_learned":true,"category": "Nouns", "subcategory": "masculine"},
    {"id":"german_FW001","token":"der","presentation_count":10,"usage_count":10,"is_learned":true,"category": "Function Words", "subcategory": "article"},
    {"id":"german_FW002","token":"die","presentation_count":6,"usage_count":4,"is_learned":true,"category": "Function Words", "subcategory": "article"},
    {"id":"german_FW003","token":"und","presentation_count":5,"usage_count":8,"is_learned":true,"category": "Function Words", "subcategory": "conjunction"},
    {"id":"german_FW008","token":"das","presentation_count":6,"usage_count":7,"is_learned":true,"category": "Function Words", "subcategory": "article"},
    {"id":"german_FW009","token":"mit","presentation_count":10,"usage_count":5,"is_learned":true,"category": "Function Words", "subcategory": "preposition"},
    {"id":"german_FW013","token":"auf","presentation_count":10,"usage_count":5,"is_learned":true,"category": "Function Words", "subcategory": "preposition"},
    {"id":"german_FW017","token":"im","presentation_count":5,"usage_count":7,"is_learned":true,"category": "Function Words", "subcategory": "preposition"},
    {"id":"german_FW018","token":"eine","presentation_count":7,"usage_count":7,"is_learned":true,"category": "Function Words", "subcategory": "article"},
    {"id":"german_FW015","token":"ein","presentation_count":7,"usage_count":8,"is_learned":true,"category": "Function Words", "subcategory": "article"},
    {"id":"german_FW014","token":"nicht","presentation_count":9,"usage_count":7,"is_learned":true,"category": "Function Words", "subcategory": "particle"},
    {"id":"german_FW024","token":"sie","presentation_count":5,"usage_count":9,"is_learned":true,"category": "Function Words", "subcategory": "pronoun"},
    {"id":"german_FW027","token":"wir","presentation_count":6,"usage_count":9,"is_learned":true,"category": "Function Words", "subcategory": "pronoun"},
    {"id":"german_FW031","token":"kein","presentation_count":9,"usage_count":8,"is_learned":true,"category": "Function Words", "subcategory": "article"},
    {"id":"german_FW036","token":"man","presentation_count":9,"usage_count":8,"is_learned":true,"category": "Function Words", "subcategory": "pronoun"},
    {"id":"german_FW037","token":"oder","presentation_count":8,"usage_count":5,"is_learned":true,"category": "Function Words", "subcategory": "conjunction"},
    {"id":"german_FW035","token":"da","presentation_count":9,"usage_count":6,"is_learned":true,"category": "Function Words", "subcategory": "particle"},
    {"id":"german_FW034","token":"über","presentation_count":6,"usage_count":6,"is_learned":true,"category": "Function Words", "subcategory": "preposition"},
    {"id":"german_FW045","token":"wie","presentation_count":7,"usage_count":6,"is_learned":true,"category": "Function Words", "subcategory": "conjunction"},
    {"id":"german_FW048","token":"ich","presentation_count":9,"usage_count":9,"is_learned":true,"category": "Function Words", "subcategory": "pronoun"},
    {"id":"german_FW049","token":"du","presentation_count":8,"usage_count":5,"is_learned":true,"category": "Function Words", "subcategory": "pronoun"},
    {"id":"german_FW052","token":"uns","presentation_count":4,"usage_count":9,"is_learned":true,"category": "Function Words", "subcategory": "pronoun"},
    {"id":"german_FW055","token":"dich","presentation_count":7,"usage_count":8,"is_learned":true,"category": "Function Words", "subcategory": "pronoun"},
    {"id":"german_FW069","token":"etwas","presentation_count":10,"usage_count":8,"is_learned":true,"category": "Function Words", "subcategory": "pronoun"},
    {"id":"german_FW070","token":"nichts","presentation_count":9,"usage_count":8,"is_learned":true,"category": "Function Words", "subcategory": "pronoun"},
    {"id":"german_FW071","token":"mein","presentation_count":6,"usage_count":5,"is_learned":true,"category": "Function Words", "subcategory": "pronoun"},
    {"id":"german_FW072","token":"meine","presentation_count":6,"usage_count":10,"is_learned":true,"category": "Function Words", "subcategory": "pronoun"},
    {"id":"german_FW073","token":"meinen","presentation_count":9,"usage_count":8,"is_learned":true,"category": "Function Words", "subcategory": "pronoun"},
    {"id":"german_FW111","token":"einen","presentation_count":6,"usage_count":8,"is_learned":true,"category": "Function Words", "subcategory": "article"},
    {"id":"german_FW123","token":"diese","presentation_count":10,"usage_count":9,"is_learned":true,"category": "Function Words", "subcategory": "pronoun"},
    {"id":"german_FW125","token":"diesen","presentation_count":6,"usage_count":6,"is_learned":true,"category": "Function Words", "subcategory": "pronoun"},
    {"id":"german_FW158","token":"mal","presentation_count":4,"usage_count":4,"is_learned":true,"category": "Function Words", "subcategory": "particle"},
    {"id":"german_CP001","token":"Entschuldigung","presentation_count":5,"usage_count":8,"is_learned":true,"category": "Blocks", "subcategory": "fixed"},
    {"id":"german_CP002","token":"Ich verstehe nicht","presentation_count":2,"usage_count":6,"is_learned":true,"category": "Blocks", "subcategory": "fixed"},
    {"id":"german_CP003","token":"Wie sagt man ___?","presentation_count":9,"usage_count":1,"is_learned":true,"category": "Blocks", "subcategory": "parametric"},
    {"id":"german_CP004","token":"Können Sie das bitte wiederholen?","presentation_count":7,"usage_count":3,"is_learned":true,"category": "Blocks", "subcategory": "fixed"},
    {"id":"german_CP005","token":"Was bedeutet ___?","presentation_count":0,"usage_count":10,"is_learned":true,"category": "Blocks", "subcategory": "parametric"},
    {"id":"german_CP006","token":"Sprechen Sie Englisch?","presentation_count":4,"usage_count":7,"is_learned":true,"category": "Blocks", "subcategory": "fixed"},
    {"id":"german_CP007","token":"Mein Deutsch ist nicht so gut","presentation_count":6,"usage_count":2,"is_learned":true,"category": "Blocks", "subcategory": "fixed"},
    {"id":"german_CP008","token":"Bitte","presentation_count":1,"usage_count":9,"is_learned":true,"category": "Blocks", "subcategory": "fixed"},
    {"id":"german_CP009","token":"Danke","presentation_count":8,"usage_count":0,"is_learned":true,"category": "Blocks", "subcategory": "fixed"},
    {"id":"german_CP008","token":"Bitte","presentation_count":7,"usage_count":5,"is_learned":true,"category": "Blocks", "subcategory": "fixed"},
    {"id":"german_CP009","token":"Danke","presentation_count":8,"usage_count":6,"is_learned":true,"category": "Blocks", "subcategory": "fixed"},
    {"id":"german_CP010","token":"Guten Morgen","presentation_count":4,"usage_count":9,"is_learned":true,"category": "Blocks", "subcategory": "fixed"},
    {"id":"german_CP011","token":"Guten Tag","presentation_count":5,"usage_count":7,"is_learned":true,"category": "Blocks", "subcategory": "fixed"},
    {"id":"german_CP012","token":"Gute Nacht","presentation_count":6,"usage_count":3,"is_learned":true,"category": "Blocks", "subcategory": "fixed"},
    {"id":"german_CP013","token":"Wie geht’s?","presentation_count":9,"usage_count":8,"is_learned":true,"category": "Blocks", "subcategory": "fixed"},
    {"id":"german_CP004","token":"Können Sie das bitte wiederholen?","presentation_count":5,"usage_count":8,"is_learned":true,"category": "Blocks", "subcategory": "fixed"},
    {"id":"german_CP005","token":"Was bedeutet ___?","presentation_count":7,"usage_count":4,"is_learned":true,"category": "Blocks", "subcategory": "parametric"},
    {"id":"german_CP014","token":"Mir geht’s gut, danke","presentation_count":6,"usage_count":9,"is_learned":true,"category": "Blocks", "subcategory": "fixed"},
    {"id":"german_CP015","token":"Und Ihnen?","presentation_count":8,"usage_count":3,"is_learned":true,"category": "Blocks", "subcategory": "fixed"},
    {"id":"german_CP016","token":"Wo ist ___?","presentation_count":4,"usage_count":7,"is_learned":true,"category": "Blocks", "subcategory": "parametric"}
    ]


BootstrapSmokeTest > smoke test - empty queues after mastery FAILED
    java.lang.AssertionError
        at org.junit.Assert.fail(Assert.java:87)
        at org.junit.Assert.assertTrue(Assert.java:42)
        at org.junit.Assert.assertTrue(Assert.java:53)
        at com.example.data.BootstrapSmokeTest$smoke test - empty queues after mastery$1.invokeSuspend(BootstrapSmokeTest.kt:97)
        at kotlin.coroutines.jvm.internal.BaseContinuationImpl.resumeWith(ContinuationImpl.kt:33)
        at kotlinx.coroutines.DispatchedTask.run(DispatchedTask.kt:100)
        at kotlinx.coroutines.test.TestDispatcher.processEvent$kotlinx_coroutines_test(TestDispatcher.kt:24)
        at kotlinx.coroutines.test.TestCoroutineScheduler.tryRunNextTaskUnless$kotlinx_coroutines_test(TestCoroutineScheduler.kt:99)
        at kotlinx.coroutines.test.TestBuildersKt__TestBuildersKt$runTest$2$1$workRunner$1.invokeSuspend(TestBuilders.kt:326)
        at kotlin.coroutines.jvm.internal.BaseContinuationImpl.resumeWith(ContinuationImpl.kt:33)
        at kotlinx.coroutines.DispatchedTask.run(DispatchedTask.kt:100)
        at kotlinx.coroutines.EventLoopImplBase.processNextEvent(EventLoop.common.kt:263)
        at kotlinx.coroutines.BlockingCoroutine.joinBlocking(Builders.kt:95)
        at kotlinx.coroutines.BuildersKt__BuildersKt.runBlocking(Builders.kt:69)
        at kotlinx.coroutines.BuildersKt.runBlocking(Unknown Source)
        at kotlinx.coroutines.BuildersKt__BuildersKt.runBlocking$default(Builders.kt:47)
        at kotlinx.coroutines.BuildersKt.runBlocking$default(Unknown Source)
        at kotlinx.coroutines.test.TestBuildersJvmKt.createTestResult(TestBuildersJvm.kt:10)
        at kotlinx.coroutines.test.TestBuildersKt__TestBuildersKt.runTest-8Mi8wO0(TestBuilders.kt:309)
        at kotlinx.coroutines.test.TestBuildersKt.runTest-8Mi8wO0(Unknown Source)
        at kotlinx.coroutines.test.TestBuildersKt__TestBuildersKt.runTest-8Mi8wO0(TestBuilders.kt:167)
        at kotlinx.coroutines.test.TestBuildersKt.runTest-8Mi8wO0(Unknown Source)
        at kotlinx.coroutines.test.TestBuildersKt__TestBuildersKt.runTest-8Mi8wO0$default(TestBuilders.kt:159)
        at kotlinx.coroutines.test.TestBuildersKt.runTest-8Mi8wO0$default(Unknown Source)
        at com.example.data.BootstrapSmokeTest.smoke test - empty queues after mastery(BootstrapSmokeTest.kt:76)

BootstrapSmokeTest > smoke test - initial load and save STANDARD_OUT
    com.example.data.BootstrapSmokeTest.smoke test - initial load and save: sdk=26
    Test filesDir: C:\Users\audoc\AppData\Local\Temp\robolectric-BootstrapSmokeTest_smoke_test_-_initial_load_and_save2225564220687912775\com.example.data.test-dataDir\files
    copyFromAssets: Creating parent directories for C:\Users\audoc\AppData\Local\Temp\robolectric-BootstrapSmokeTest_smoke_test_-_initial_load_and_save2225564220687912775\com.example.data.test-dataDir\files\queues
    copyFromAssets: Parent directories created: true
    copyFromAssets: Copying new_queue.json from assets
    copyFromAssets: new_queue.json copied: true
    copyFromAssets: Copying learned_queue.json from assets
    copyFromAssets: learned_queue.json copied: true
    New Queue Content: [
    {"id": "german_CP001", "token": "Entschuldigung", "category": "Blocks", "subcategory": "fixed", "presentation_count": 0, "usage_count": 0, "is_learned": false},
    {"id": "german_BB009", "token": "Keine Ahnung", "category": "Blocks", "subcategory": "fixed", "presentation_count": 0, "usage_count": 0, "is_learned": false},
    {"id": "german_BB050", "token": "Bis gleich", "category": "Blocks", "subcategory": "fixed", "presentation_count": 0, "usage_count": 0, "is_learned": false}
    ]

    Learned Queue Content: [
    {"id":"german_AA002","token":"sehr","presentation_count":6,"usage_count":4,"is_learned":true,"category": "Adjectives/Adverbs", "subcategory": "adverb"},
    {"id":"german_AA003","token":"viel","presentation_count":4,"usage_count":7,"is_learned":true,"category": "Adjectives/Adverbs", "subcategory": "adjective"},
    {"id":"german_AA005","token":"klein","presentation_count":7,"usage_count":9,"is_learned":true,"category": "Adjectives/Adverbs", "subcategory": "adjective"},
    {"id":"german_AA007","token":"neu","presentation_count":4,"usage_count":5,"is_learned":true,"category": "Adjectives/Adverbs", "subcategory": "adjective"},
    {"id":"german_AA008","token":"lang","presentation_count":10,"usage_count":10,"is_learned":true,"category": "Adjectives/Adverbs", "subcategory": "adjective"},
    {"id":"german_AA010","token":"wenig","presentation_count":6,"usage_count":6,"is_learned":true,"category": "Adjectives/Adverbs", "subcategory": "adjective"},
    {"id":"german_AA012","token":"spät","presentation_count":6,"usage_count":5,"is_learned":true,"category": "Adjectives/Adverbs", "subcategory": "adverb"},
    {"id":"german_AA014","token":"morgen","presentation_count":8,"usage_count":9,"is_learned":true,"category": "Adjectives/Adverbs", "subcategory": "adverb"},
    {"id":"german_AA013","token":"heute","presentation_count":4,"usage_count":6,"is_learned":true,"category": "Adjectives/Adverbs", "subcategory": "adverb"},
    {"id":"german_CS014","token":"Kannst du ___?","presentation_count":10,"usage_count":6,"is_learned":true,"category": "Core Stems", "subcategory": "parametric"},
    {"id":"german_CS013","token":"Wir müssen ___","presentation_count":8,"usage_count":7,"is_learned":true,"category": "Core Stems", "subcategory": "parametric"},
    {"id":"german_CS015","token":"Ich möchte ___.","presentation_count":8,"usage_count":7,"is_learned":true,"category": "Core Stems", "subcategory": "parametric"},
    {"id":"german_FW157","token":"schon","presentation_count":8,"usage_count":9,"is_learned":true,"category": "Function Words", "subcategory": "particle"},
    {"id":"german_V002","token":"haben","presentation_count":5,"usage_count":4,"is_learned":true,"category": "Verbs", "subcategory": "auxiliary"},
    {"id":"german_V009","token":"kommen","presentation_count":10,"usage_count":10,"is_learned":true,"category": "Verbs", "subcategory": "action"},
    {"id":"german_V012","token":"gehen","presentation_count":6,"usage_count":6,"is_learned":true,"category": "Verbs", "subcategory": "action"},
    {"id":"german_V011","token":"wollen","presentation_count":4,"usage_count":6,"is_learned":true,"category": "Verbs", "subcategory": "auxiliary"},
    {"id":"german_V005","token":"müssen","presentation_count":5,"usage_count":5,"is_learned":true,"category": "Verbs", "subcategory": "auxiliary"},
    {"id":"german_V004","token":"können","presentation_count":8,"usage_count":9,"is_learned":true,"category": "Verbs", "subcategory": "auxiliary"},
    {"id":"german_FW083","token":"sein","presentation_count":4,"usage_count":7,"is_learned":true,"category": "Function Words", "subcategory": "pronoun"},
    {"id":"german_V017","token":"finden","presentation_count":9,"usage_count":7,"is_learned":true,"category": "Verbs", "subcategory": "action"},
    {"id":"german_V026","token":"halten","presentation_count":6,"usage_count":5,"is_learned":true,"category": "Verbs", "subcategory": "action"},
    {"id":"german_V049","token":"beginnen","presentation_count":5,"usage_count":7,"is_learned":true,"category": "Verbs", "subcategory": "action"},
    {"id":"german_N001","token":"Mann","presentation_count":6,"usage_count":4,"is_learned":true,"category": "Nouns", "subcategory": "masculine"},
    {"id":"german_N003","token":"Kind","presentation_count":7,"usage_count":5,"is_learned":true,"category": "Nouns", "subcategory": "neuter"},
    {"id":"german_N002","token":"Frau","presentation_count":6,"usage_count":6,"is_learned":true,"category": "Nouns", "subcategory": "feminine"},
    {"id":"german_N004","token":"Haus","presentation_count":7,"usage_count":7,"is_learned":true,"category": "Nouns", "subcategory": "neuter"},
    {"id":"german_N005","token":"Stadt","presentation_count":9,"usage_count":9,"is_learned":true,"category": "Nouns", "subcategory": "feminine"},
    {"id":"german_N006","token":"Land","presentation_count":10,"usage_count":6,"is_learned":true,"category": "Nouns", "subcategory": "neuter"},
    {"id":"german_N008","token":"Hund","presentation_count":7,"usage_count":5,"is_learned":true,"category": "Nouns", "subcategory": "masculine"},
    {"id":"german_N011","token":"Baum","presentation_count":5,"usage_count":6,"is_learned":true,"category": "Nouns", "subcategory": "masculine"},
    {"id":"german_N017","token":"See","presentation_count":7,"usage_count":7,"is_learned":true,"category": "Nouns", "subcategory": "masculine"},
    {"id":"german_N018","token":"Straße","presentation_count":5,"usage_count":5,"is_learned":true,"category": "Nouns", "subcategory": "feminine"},
    {"id":"german_N029","token":"Schule","presentation_count":4,"usage_count":8,"is_learned":true,"category": "Nouns", "subcategory": "feminine"},
    {"id":"german_N040","token":"Papier","presentation_count":7,"usage_count":7,"is_learned":true,"category": "Nouns", "subcategory": "neuter"},
    {"id":"german_N045","token":"Bus","presentation_count":4,"usage_count":7,"is_learned":true,"category": "Nouns", "subcategory": "masculine"},
    {"id":"german_N050","token":"Milch","presentation_count":7,"usage_count":7,"is_learned":true,"category": "Nouns", "subcategory": "feminine"},
    {"id":"german_N049","token":"Brot","presentation_count":10,"usage_count":7,"is_learned":true,"category": "Nouns", "subcategory": "neuter"},
    {"id":"german_N051","token":"Wasser","presentation_count":8,"usage_count":10,"is_learned":true,"category": "Nouns", "subcategory": "neuter"},
    {"id":"german_N052","token":"Apfel","presentation_count":4,"usage_count":7,"is_learned":true,"category": "Nouns", "subcategory": "masculine"},
    {"id":"german_N055","token":"Fleisch","presentation_count":10,"usage_count":6,"is_learned":true,"category": "Nouns", "subcategory": "neuter"},
    {"id":"german_N057","token":"Suppe","presentation_count":6,"usage_count":4,"is_learned":true,"category": "Nouns", "subcategory": "feminine"},
    {"id":"german_N059","token":"Glas","presentation_count":8,"usage_count":6,"is_learned":true,"category": "Nouns", "subcategory": "neuter"},
    {"id":"german_N079","token":"Musik","presentation_count":5,"usage_count":5,"is_learned":true,"category": "Nouns", "subcategory": "feminine"},
    {"id":"german_N094","token":"Freund","presentation_count":7,"usage_count":10,"is_learned":true,"category": "Nouns", "subcategory": "masculine"},
    {"id":"german_N095","token":"Freundin","presentation_count":10,"usage_count":10,"is_learned":true,"category": "Nouns", "subcategory": "feminine"},
    {"id":"german_N093","token":"Mutter","presentation_count":4,"usage_count":8,"is_learned":true,"category": "Nouns", "subcategory": "feminine"},
    {"id":"german_N092","token":"Vater","presentation_count":6,"usage_count":9,"is_learned":true,"category": "Nouns", "subcategory": "masculine"},
    {"id":"german_FW001","token":"der","presentation_count":10,"usage_count":10,"is_learned":true,"category": "Function Words", "subcategory": "article"},
    {"id":"german_FW002","token":"die","presentation_count":6,"usage_count":4,"is_learned":true,"category": "Function Words", "subcategory": "article"},
    {"id":"german_FW003","token":"und","presentation_count":5,"usage_count":8,"is_learned":true,"category": "Function Words", "subcategory": "conjunction"},
    {"id":"german_FW008","token":"das","presentation_count":6,"usage_count":7,"is_learned":true,"category": "Function Words", "subcategory": "article"},
    {"id":"german_FW009","token":"mit","presentation_count":10,"usage_count":5,"is_learned":true,"category": "Function Words", "subcategory": "preposition"},
    {"id":"german_FW013","token":"auf","presentation_count":10,"usage_count":5,"is_learned":true,"category": "Function Words", "subcategory": "preposition"},
    {"id":"german_FW017","token":"im","presentation_count":5,"usage_count":7,"is_learned":true,"category": "Function Words", "subcategory": "preposition"},
    {"id":"german_FW018","token":"eine","presentation_count":7,"usage_count":7,"is_learned":true,"category": "Function Words", "subcategory": "article"},
    {"id":"german_FW015","token":"ein","presentation_count":7,"usage_count":8,"is_learned":true,"category": "Function Words", "subcategory": "article"},
    {"id":"german_FW014","token":"nicht","presentation_count":9,"usage_count":7,"is_learned":true,"category": "Function Words", "subcategory": "particle"},
    {"id":"german_FW024","token":"sie","presentation_count":5,"usage_count":9,"is_learned":true,"category": "Function Words", "subcategory": "pronoun"},
    {"id":"german_FW027","token":"wir","presentation_count":6,"usage_count":9,"is_learned":true,"category": "Function Words", "subcategory": "pronoun"},
    {"id":"german_FW031","token":"kein","presentation_count":9,"usage_count":8,"is_learned":true,"category": "Function Words", "subcategory": "article"},
    {"id":"german_FW036","token":"man","presentation_count":9,"usage_count":8,"is_learned":true,"category": "Function Words", "subcategory": "pronoun"},
    {"id":"german_FW037","token":"oder","presentation_count":8,"usage_count":5,"is_learned":true,"category": "Function Words", "subcategory": "conjunction"},
    {"id":"german_FW035","token":"da","presentation_count":9,"usage_count":6,"is_learned":true,"category": "Function Words", "subcategory": "particle"},
    {"id":"german_FW034","token":"über","presentation_count":6,"usage_count":6,"is_learned":true,"category": "Function Words", "subcategory": "preposition"},
    {"id":"german_FW045","token":"wie","presentation_count":7,"usage_count":6,"is_learned":true,"category": "Function Words", "subcategory": "conjunction"},
    {"id":"german_FW048","token":"ich","presentation_count":9,"usage_count":9,"is_learned":true,"category": "Function Words", "subcategory": "pronoun"},
    {"id":"german_FW049","token":"du","presentation_count":8,"usage_count":5,"is_learned":true,"category": "Function Words", "subcategory": "pronoun"},
    {"id":"german_FW052","token":"uns","presentation_count":4,"usage_count":9,"is_learned":true,"category": "Function Words", "subcategory": "pronoun"},
    {"id":"german_FW055","token":"dich","presentation_count":7,"usage_count":8,"is_learned":true,"category": "Function Words", "subcategory": "pronoun"},
    {"id":"german_FW069","token":"etwas","presentation_count":10,"usage_count":8,"is_learned":true,"category": "Function Words", "subcategory": "pronoun"},
    {"id":"german_FW070","token":"nichts","presentation_count":9,"usage_count":8,"is_learned":true,"category": "Function Words", "subcategory": "pronoun"},
    {"id":"german_FW071","token":"mein","presentation_count":6,"usage_count":5,"is_learned":true,"category": "Function Words", "subcategory": "pronoun"},
    {"id":"german_FW072","token":"meine","presentation_count":6,"usage_count":10,"is_learned":true,"category": "Function Words", "subcategory": "pronoun"},
    {"id":"german_FW073","token":"meinen","presentation_count":9,"usage_count":8,"is_learned":true,"category": "Function Words", "subcategory": "pronoun"},
    {"id":"german_FW111","token":"einen","presentation_count":6,"usage_count":8,"is_learned":true,"category": "Function Words", "subcategory": "article"},
    {"id":"german_FW123","token":"diese","presentation_count":10,"usage_count":9,"is_learned":true,"category": "Function Words", "subcategory": "pronoun"},
    {"id":"german_FW125","token":"diesen","presentation_count":6,"usage_count":6,"is_learned":true,"category": "Function Words", "subcategory": "pronoun"},
    {"id":"german_FW158","token":"mal","presentation_count":4,"usage_count":4,"is_learned":true,"category": "Function Words", "subcategory": "particle"},
    {"id":"german_CP001","token":"Entschuldigung","presentation_count":5,"usage_count":8,"is_learned":true,"category": "Blocks", "subcategory": "fixed"},
    {"id":"german_CP002","token":"Ich verstehe nicht","presentation_count":2,"usage_count":6,"is_learned":true,"category": "Blocks", "subcategory": "fixed"},
    {"id":"german_CP003","token":"Wie sagt man ___?","presentation_count":9,"usage_count":1,"is_learned":true,"category": "Blocks", "subcategory": "parametric"},
    {"id":"german_CP004","token":"Können Sie das bitte wiederholen?","presentation_count":7,"usage_count":3,"is_learned":true,"category": "Blocks", "subcategory": "fixed"},
    {"id":"german_CP005","token":"Was bedeutet ___?","presentation_count":0,"usage_count":10,"is_learned":true,"category": "Blocks", "subcategory": "parametric"},
    {"id":"german_CP006","token":"Sprechen Sie Englisch?","presentation_count":4,"usage_count":7,"is_learned":true,"category": "Blocks", "subcategory": "fixed"},
    {"id":"german_CP007","token":"Mein Deutsch ist nicht so gut","presentation_count":6,"usage_count":2,"is_learned":true,"category": "Blocks", "subcategory": "fixed"},
    {"id":"german_CP008","token":"Bitte","presentation_count":1,"usage_count":9,"is_learned":true,"category": "Blocks", "subcategory": "fixed"},
    {"id":"german_CP009","token":"Danke","presentation_count":8,"usage_count":0,"is_learned":true,"category": "Blocks", "subcategory": "fixed"},
    {"id":"german_CP008","token":"Bitte","presentation_count":7,"usage_count":5,"is_learned":true,"category": "Blocks", "subcategory": "fixed"},
    {"id":"german_CP009","token":"Danke","presentation_count":8,"usage_count":6,"is_learned":true,"category": "Blocks", "subcategory": "fixed"},
    {"id":"german_CP010","token":"Guten Morgen","presentation_count":4,"usage_count":9,"is_learned":true,"category": "Blocks", "subcategory": "fixed"},
    {"id":"german_CP011","token":"Guten Tag","presentation_count":5,"usage_count":7,"is_learned":true,"category": "Blocks", "subcategory": "fixed"},
    {"id":"german_CP012","token":"Gute Nacht","presentation_count":6,"usage_count":3,"is_learned":true,"category": "Blocks", "subcategory": "fixed"},
    {"id":"german_CP013","token":"Wie geht’s?","presentation_count":9,"usage_count":8,"is_learned":true,"category": "Blocks", "subcategory": "fixed"},
    {"id":"german_CP004","token":"Können Sie das bitte wiederholen?","presentation_count":5,"usage_count":8,"is_learned":true,"category": "Blocks", "subcategory": "fixed"},
    {"id":"german_CP005","token":"Was bedeutet ___?","presentation_count":7,"usage_count":4,"is_learned":true,"category": "Blocks", "subcategory": "parametric"},
    {"id":"german_CP014","token":"Mir geht’s gut, danke","presentation_count":6,"usage_count":9,"is_learned":true,"category": "Blocks", "subcategory": "fixed"},
    {"id":"german_CP015","token":"Und Ihnen?","presentation_count":8,"usage_count":3,"is_learned":true,"category": "Blocks", "subcategory": "fixed"},
    {"id":"german_CP016","token":"Wo ist ___?","presentation_count":4,"usage_count":7,"is_learned":true,"category": "Blocks", "subcategory": "parametric"}
    ]

    IOException during save: C:\Users\audoc\AppData\Local\Temp\robolectric-BootstrapSmokeTest_smoke_test_-_initial_load_and_save2225564220687912775\com.example.data.test-dataDir\files\queues\new_queue10347270677783410009.tmp -> C:\Users\audoc\AppData\Local\Temp\robolectric-BootstrapSmokeTest_smoke_test_-_initial_load_and_save2225564220687912775\com.example.data.test-dataDir\files\queues\new_queue.json

BootstrapSmokeTest > smoke test - initial load and save STANDARD_ERROR
    java.nio.file.AccessDeniedException: C:\Users\audoc\AppData\Local\Temp\robolectric-BootstrapSmokeTest_smoke_test_-_initial_load_and_save2225564220687912775\com.example.data.test-dataDir\files\queues\new_queue10347270677783410009.tmp -> C:\Users\audoc\AppData\Local\Temp\robolectric-BootstrapSmokeTest_smoke_test_-_initial_load_and_save2225564220687912775\com.example.data.test-dataDir\files\queues\new_queue.json
    	at java.base/sun.nio.fs.WindowsException.translateToIOException(WindowsException.java:89)
    	at java.base/sun.nio.fs.WindowsException.rethrowAsIOException(WindowsException.java:103)
    	at java.base/sun.nio.fs.WindowsFileCopy.move(WindowsFileCopy.java:311)
    	at java.base/sun.nio.fs.WindowsFileSystemProvider.move(WindowsFileSystemProvider.java:287)
    	at java.base/java.nio.file.Files.move(Files.java:1316)
    	at com.example.data.LearningRepositoryImpl.atomicWrite(LearningRepositoryImpl.kt:92)
    	at com.example.data.LearningRepositoryImpl.access$atomicWrite(LearningRepositoryImpl.kt:22)
    	at com.example.data.LearningRepositoryImpl$saveQueues$2.invokeSuspend(LearningRepositoryImpl.kt:57)
    	at kotlin.coroutines.jvm.internal.BaseContinuationImpl.resumeWith(ContinuationImpl.kt:33)
    	at kotlinx.coroutines.DispatchedTask.run(DispatchedTask.kt:100)
    	at kotlinx.coroutines.internal.LimitedDispatcher$Worker.run(LimitedDispatcher.kt:113)
    	at kotlinx.coroutines.scheduling.TaskImpl.run(Tasks.kt:89)
    	at kotlinx.coroutines.scheduling.CoroutineScheduler.runSafely(CoroutineScheduler.kt:586)
    	at kotlinx.coroutines.scheduling.CoroutineScheduler$Worker.executeTask(CoroutineScheduler.kt:820)
    	at kotlinx.coroutines.scheduling.CoroutineScheduler$Worker.runWorker(CoroutineScheduler.kt:717)
    	at kotlinx.coroutines.scheduling.CoroutineScheduler$Worker.run(CoroutineScheduler.kt:704)

BootstrapSmokeTest > smoke test - initial load and save STANDARD_OUT
    New Queue Content: [
    {"id": "german_CP001", "token": "Entschuldigung", "category": "Blocks", "subcategory": "fixed", "presentation_count": 0, "usage_count": 0, "is_learned": false},
    {"id": "german_BB009", "token": "Keine Ahnung", "category": "Blocks", "subcategory": "fixed", "presentation_count": 0, "usage_count": 0, "is_learned": false},
    {"id": "german_BB050", "token": "Bis gleich", "category": "Blocks", "subcategory": "fixed", "presentation_count": 0, "usage_count": 0, "is_learned": false}
    ]

    Learned Queue Content: [
    {"id":"german_AA002","token":"sehr","presentation_count":6,"usage_count":4,"is_learned":true,"category": "Adjectives/Adverbs", "subcategory": "adverb"},
    {"id":"german_AA003","token":"viel","presentation_count":4,"usage_count":7,"is_learned":true,"category": "Adjectives/Adverbs", "subcategory": "adjective"},
    {"id":"german_AA005","token":"klein","presentation_count":7,"usage_count":9,"is_learned":true,"category": "Adjectives/Adverbs", "subcategory": "adjective"},
    {"id":"german_AA007","token":"neu","presentation_count":4,"usage_count":5,"is_learned":true,"category": "Adjectives/Adverbs", "subcategory": "adjective"},
    {"id":"german_AA008","token":"lang","presentation_count":10,"usage_count":10,"is_learned":true,"category": "Adjectives/Adverbs", "subcategory": "adjective"},
    {"id":"german_AA010","token":"wenig","presentation_count":6,"usage_count":6,"is_learned":true,"category": "Adjectives/Adverbs", "subcategory": "adjective"},
    {"id":"german_AA012","token":"spät","presentation_count":6,"usage_count":5,"is_learned":true,"category": "Adjectives/Adverbs", "subcategory": "adverb"},
    {"id":"german_AA014","token":"morgen","presentation_count":8,"usage_count":9,"is_learned":true,"category": "Adjectives/Adverbs", "subcategory": "adverb"},
    {"id":"german_AA013","token":"heute","presentation_count":4,"usage_count":6,"is_learned":true,"category": "Adjectives/Adverbs", "subcategory": "adverb"},
    {"id":"german_CS014","token":"Kannst du ___?","presentation_count":10,"usage_count":6,"is_learned":true,"category": "Core Stems", "subcategory": "parametric"},
    {"id":"german_CS013","token":"Wir müssen ___","presentation_count":8,"usage_count":7,"is_learned":true,"category": "Core Stems", "subcategory": "parametric"},
    {"id":"german_CS015","token":"Ich möchte ___.","presentation_count":8,"usage_count":7,"is_learned":true,"category": "Core Stems", "subcategory": "parametric"},
    {"id":"german_FW157","token":"schon","presentation_count":8,"usage_count":9,"is_learned":true,"category": "Function Words", "subcategory": "particle"},
    {"id":"german_V002","token":"haben","presentation_count":5,"usage_count":4,"is_learned":true,"category": "Verbs", "subcategory": "auxiliary"},
    {"id":"german_V009","token":"kommen","presentation_count":10,"usage_count":10,"is_learned":true,"category": "Verbs", "subcategory": "action"},
    {"id":"german_V012","token":"gehen","presentation_count":6,"usage_count":6,"is_learned":true,"category": "Verbs", "subcategory": "action"},
    {"id":"german_V011","token":"wollen","presentation_count":4,"usage_count":6,"is_learned":true,"category": "Verbs", "subcategory": "auxiliary"},
    {"id":"german_V005","token":"müssen","presentation_count":5,"usage_count":5,"is_learned":true,"category": "Verbs", "subcategory": "auxiliary"},
    {"id":"german_V004","token":"können","presentation_count":8,"usage_count":9,"is_learned":true,"category": "Verbs", "subcategory": "auxiliary"},
    {"id":"german_FW083","token":"sein","presentation_count":4,"usage_count":7,"is_learned":true,"category": "Function Words", "subcategory": "pronoun"},
    {"id":"german_V017","token":"finden","presentation_count":9,"usage_count":7,"is_learned":true,"category": "Verbs", "subcategory": "action"},
    {"id":"german_V026","token":"halten","presentation_count":6,"usage_count":5,"is_learned":true,"category": "Verbs", "subcategory": "action"},
    {"id":"german_V049","token":"beginnen","presentation_count":5,"usage_count":7,"is_learned":true,"category": "Verbs", "subcategory": "action"},
    {"id":"german_N001","token":"Mann","presentation_count":6,"usage_count":4,"is_learned":true,"category": "Nouns", "subcategory": "masculine"},
    {"id":"german_N003","token":"Kind","presentation_count":7,"usage_count":5,"is_learned":true,"category": "Nouns", "subcategory": "neuter"},
    {"id":"german_N002","token":"Frau","presentation_count":6,"usage_count":6,"is_learned":true,"category": "Nouns", "subcategory": "feminine"},
    {"id":"german_N004","token":"Haus","presentation_count":7,"usage_count":7,"is_learned":true,"category": "Nouns", "subcategory": "neuter"},
    {"id":"german_N005","token":"Stadt","presentation_count":9,"usage_count":9,"is_learned":true,"category": "Nouns", "subcategory": "feminine"},
    {"id":"german_N006","token":"Land","presentation_count":10,"usage_count":6,"is_learned":true,"category": "Nouns", "subcategory": "neuter"},
    {"id":"german_N008","token":"Hund","presentation_count":7,"usage_count":5,"is_learned":true,"category": "Nouns", "subcategory": "masculine"},
    {"id":"german_N011","token":"Baum","presentation_count":5,"usage_count":6,"is_learned":true,"category": "Nouns", "subcategory": "masculine"},
    {"id":"german_N017","token":"See","presentation_count":7,"usage_count":7,"is_learned":true,"category": "Nouns", "subcategory": "masculine"},
    {"id":"german_N018","token":"Straße","presentation_count":5,"usage_count":5,"is_learned":true,"category": "Nouns", "subcategory": "feminine"},
    {"id":"german_N029","token":"Schule","presentation_count":4,"usage_count":8,"is_learned":true,"category": "Nouns", "subcategory": "feminine"},
    {"id":"german_N040","token":"Papier","presentation_count":7,"usage_count":7,"is_learned":true,"category": "Nouns", "subcategory": "neuter"},
    {"id":"german_N045","token":"Bus","presentation_count":4,"usage_count":7,"is_learned":true,"category": "Nouns", "subcategory": "masculine"},
    {"id":"german_N050","token":"Milch","presentation_count":7,"usage_count":7,"is_learned":true,"category": "Nouns", "subcategory": "feminine"},
    {"id":"german_N049","token":"Brot","presentation_count":10,"usage_count":7,"is_learned":true,"category": "Nouns", "subcategory": "neuter"},
    {"id":"german_N051","token":"Wasser","presentation_count":8,"usage_count":10,"is_learned":true,"category": "Nouns", "subcategory": "neuter"},
    {"id":"german_N052","token":"Apfel","presentation_count":4,"usage_count":7,"is_learned":true,"category": "Nouns", "subcategory": "masculine"},
    {"id":"german_N055","token":"Fleisch","presentation_count":10,"usage_count":6,"is_learned":true,"category": "Nouns", "subcategory": "neuter"},
    {"id":"german_N057","token":"Suppe","presentation_count":6,"usage_count":4,"is_learned":true,"category": "Nouns", "subcategory": "feminine"},
    {"id":"german_N059","token":"Glas","presentation_count":8,"usage_count":6,"is_learned":true,"category": "Nouns", "subcategory": "neuter"},
    {"id":"german_N079","token":"Musik","presentation_count":5,"usage_count":5,"is_learned":true,"category": "Nouns", "subcategory": "feminine"},
    {"id":"german_N094","token":"Freund","presentation_count":7,"usage_count":10,"is_learned":true,"category": "Nouns", "subcategory": "masculine"},
    {"id":"german_N095","token":"Freundin","presentation_count":10,"usage_count":10,"is_learned":true,"category": "Nouns", "subcategory": "feminine"},
    {"id":"german_N093","token":"Mutter","presentation_count":4,"usage_count":8,"is_learned":true,"category": "Nouns", "subcategory": "feminine"},
    {"id":"german_N092","token":"Vater","presentation_count":6,"usage_count":9,"is_learned":true,"category": "Nouns", "subcategory": "masculine"},
    {"id":"german_FW001","token":"der","presentation_count":10,"usage_count":10,"is_learned":true,"category": "Function Words", "subcategory": "article"},
    {"id":"german_FW002","token":"die","presentation_count":6,"usage_count":4,"is_learned":true,"category": "Function Words", "subcategory": "article"},
    {"id":"german_FW003","token":"und","presentation_count":5,"usage_count":8,"is_learned":true,"category": "Function Words", "subcategory": "conjunction"},
    {"id":"german_FW008","token":"das","presentation_count":6,"usage_count":7,"is_learned":true,"category": "Function Words", "subcategory": "article"},
    {"id":"german_FW009","token":"mit","presentation_count":10,"usage_count":5,"is_learned":true,"category": "Function Words", "subcategory": "preposition"},
    {"id":"german_FW013","token":"auf","presentation_count":10,"usage_count":5,"is_learned":true,"category": "Function Words", "subcategory": "preposition"},
    {"id":"german_FW017","token":"im","presentation_count":5,"usage_count":7,"is_learned":true,"category": "Function Words", "subcategory": "preposition"},
    {"id":"german_FW018","token":"eine","presentation_count":7,"usage_count":7,"is_learned":true,"category": "Function Words", "subcategory": "article"},
    {"id":"german_FW015","token":"ein","presentation_count":7,"usage_count":8,"is_learned":true,"category": "Function Words", "subcategory": "article"},
    {"id":"german_FW014","token":"nicht","presentation_count":9,"usage_count":7,"is_learned":true,"category": "Function Words", "subcategory": "particle"},
    {"id":"german_FW024","token":"sie","presentation_count":5,"usage_count":9,"is_learned":true,"category": "Function Words", "subcategory": "pronoun"},
    {"id":"german_FW027","token":"wir","presentation_count":6,"usage_count":9,"is_learned":true,"category": "Function Words", "subcategory": "pronoun"},
    {"id":"german_FW031","token":"kein","presentation_count":9,"usage_count":8,"is_learned":true,"category": "Function Words", "subcategory": "article"},
    {"id":"german_FW036","token":"man","presentation_count":9,"usage_count":8,"is_learned":true,"category": "Function Words", "subcategory": "pronoun"},
    {"id":"german_FW037","token":"oder","presentation_count":8,"usage_count":5,"is_learned":true,"category": "Function Words", "subcategory": "conjunction"},
    {"id":"german_FW035","token":"da","presentation_count":9,"usage_count":6,"is_learned":true,"category": "Function Words", "subcategory": "particle"},
    {"id":"german_FW034","token":"über","presentation_count":6,"usage_count":6,"is_learned":true,"category": "Function Words", "subcategory": "preposition"},
    {"id":"german_FW045","token":"wie","presentation_count":7,"usage_count":6,"is_learned":true,"category": "Function Words", "subcategory": "conjunction"},
    {"id":"german_FW048","token":"ich","presentation_count":9,"usage_count":9,"is_learned":true,"category": "Function Words", "subcategory": "pronoun"},
    {"id":"german_FW049","token":"du","presentation_count":8,"usage_count":5,"is_learned":true,"category": "Function Words", "subcategory": "pronoun"},
    {"id":"german_FW052","token":"uns","presentation_count":4,"usage_count":9,"is_learned":true,"category": "Function Words", "subcategory": "pronoun"},
    {"id":"german_FW055","token":"dich","presentation_count":7,"usage_count":8,"is_learned":true,"category": "Function Words", "subcategory": "pronoun"},
    {"id":"german_FW069","token":"etwas","presentation_count":10,"usage_count":8,"is_learned":true,"category": "Function Words", "subcategory": "pronoun"},
    {"id":"german_FW070","token":"nichts","presentation_count":9,"usage_count":8,"is_learned":true,"category": "Function Words", "subcategory": "pronoun"},
    {"id":"german_FW071","token":"mein","presentation_count":6,"usage_count":5,"is_learned":true,"category": "Function Words", "subcategory": "pronoun"},
    {"id":"german_FW072","token":"meine","presentation_count":6,"usage_count":10,"is_learned":true,"category": "Function Words", "subcategory": "pronoun"},
    {"id":"german_FW073","token":"meinen","presentation_count":9,"usage_count":8,"is_learned":true,"category": "Function Words", "subcategory": "pronoun"},
    {"id":"german_FW111","token":"einen","presentation_count":6,"usage_count":8,"is_learned":true,"category": "Function Words", "subcategory": "article"},
    {"id":"german_FW123","token":"diese","presentation_count":10,"usage_count":9,"is_learned":true,"category": "Function Words", "subcategory": "pronoun"},
    {"id":"german_FW125","token":"diesen","presentation_count":6,"usage_count":6,"is_learned":true,"category": "Function Words", "subcategory": "pronoun"},
    {"id":"german_FW158","token":"mal","presentation_count":4,"usage_count":4,"is_learned":true,"category": "Function Words", "subcategory": "particle"},
    {"id":"german_CP001","token":"Entschuldigung","presentation_count":5,"usage_count":8,"is_learned":true,"category": "Blocks", "subcategory": "fixed"},
    {"id":"german_CP002","token":"Ich verstehe nicht","presentation_count":2,"usage_count":6,"is_learned":true,"category": "Blocks", "subcategory": "fixed"},
    {"id":"german_CP003","token":"Wie sagt man ___?","presentation_count":9,"usage_count":1,"is_learned":true,"category": "Blocks", "subcategory": "parametric"},
    {"id":"german_CP004","token":"Können Sie das bitte wiederholen?","presentation_count":7,"usage_count":3,"is_learned":true,"category": "Blocks", "subcategory": "fixed"},
    {"id":"german_CP005","token":"Was bedeutet ___?","presentation_count":0,"usage_count":10,"is_learned":true,"category": "Blocks", "subcategory": "parametric"},
    {"id":"german_CP006","token":"Sprechen Sie Englisch?","presentation_count":4,"usage_count":7,"is_learned":true,"category": "Blocks", "subcategory": "fixed"},
    {"id":"german_CP007","token":"Mein Deutsch ist nicht so gut","presentation_count":6,"usage_count":2,"is_learned":true,"category": "Blocks", "subcategory": "fixed"},
    {"id":"german_CP008","token":"Bitte","presentation_count":1,"usage_count":9,"is_learned":true,"category": "Blocks", "subcategory": "fixed"},
    {"id":"german_CP009","token":"Danke","presentation_count":8,"usage_count":0,"is_learned":true,"category": "Blocks", "subcategory": "fixed"},
    {"id":"german_CP008","token":"Bitte","presentation_count":7,"usage_count":5,"is_learned":true,"category": "Blocks", "subcategory": "fixed"},
    {"id":"german_CP009","token":"Danke","presentation_count":8,"usage_count":6,"is_learned":true,"category": "Blocks", "subcategory": "fixed"},
    {"id":"german_CP010","token":"Guten Morgen","presentation_count":4,"usage_count":9,"is_learned":true,"category": "Blocks", "subcategory": "fixed"},
    {"id":"german_CP011","token":"Guten Tag","presentation_count":5,"usage_count":7,"is_learned":true,"category": "Blocks", "subcategory": "fixed"},
    {"id":"german_CP012","token":"Gute Nacht","presentation_count":6,"usage_count":3,"is_learned":true,"category": "Blocks", "subcategory": "fixed"},
    {"id":"german_CP013","token":"Wie geht’s?","presentation_count":9,"usage_count":8,"is_learned":true,"category": "Blocks", "subcategory": "fixed"},
    {"id":"german_CP004","token":"Können Sie das bitte wiederholen?","presentation_count":5,"usage_count":8,"is_learned":true,"category": "Blocks", "subcategory": "fixed"},
    {"id":"german_CP005","token":"Was bedeutet ___?","presentation_count":7,"usage_count":4,"is_learned":true,"category": "Blocks", "subcategory": "parametric"},
    {"id":"german_CP014","token":"Mir geht’s gut, danke","presentation_count":6,"usage_count":9,"is_learned":true,"category": "Blocks", "subcategory": "fixed"},
    {"id":"german_CP015","token":"Und Ihnen?","presentation_count":8,"usage_count":3,"is_learned":true,"category": "Blocks", "subcategory": "fixed"},
    {"id":"german_CP016","token":"Wo ist ___?","presentation_count":4,"usage_count":7,"is_learned":true,"category": "Blocks", "subcategory": "parametric"}
    ]


BootstrapSmokeTest > smoke test - initial load and save FAILED
    java.lang.AssertionError: expected:<2> but was:<3>
        at org.junit.Assert.fail(Assert.java:89)
        at org.junit.Assert.failNotEquals(Assert.java:835)
        at org.junit.Assert.assertEquals(Assert.java:120)
        at org.junit.Assert.assertEquals(Assert.java:146)
        at com.example.data.BootstrapSmokeTest$smoke test - initial load and save$1.invokeSuspend(BootstrapSmokeTest.kt:66)
        at kotlin.coroutines.jvm.internal.BaseContinuationImpl.resumeWith(ContinuationImpl.kt:33)
        at kotlinx.coroutines.DispatchedTask.run(DispatchedTask.kt:100)
        at kotlinx.coroutines.test.TestDispatcher.processEvent$kotlinx_coroutines_test(TestDispatcher.kt:24)
        at kotlinx.coroutines.test.TestCoroutineScheduler.tryRunNextTaskUnless$kotlinx_coroutines_test(TestCoroutineScheduler.kt:99)
        at kotlinx.coroutines.test.TestBuildersKt__TestBuildersKt$runTest$2$1$workRunner$1.invokeSuspend(TestBuilders.kt:326)
        at kotlin.coroutines.jvm.internal.BaseContinuationImpl.resumeWith(ContinuationImpl.kt:33)
        at kotlinx.coroutines.DispatchedTask.run(DispatchedTask.kt:100)
        at kotlinx.coroutines.EventLoopImplBase.processNextEvent(EventLoop.common.kt:263)
        at kotlinx.coroutines.BlockingCoroutine.joinBlocking(Builders.kt:95)
        at kotlinx.coroutines.BuildersKt__BuildersKt.runBlocking(Builders.kt:69)
        at kotlinx.coroutines.BuildersKt.runBlocking(Unknown Source)
        at kotlinx.coroutines.BuildersKt__BuildersKt.runBlocking$default(Builders.kt:47)
        at kotlinx.coroutines.BuildersKt.runBlocking$default(Unknown Source)
        at kotlinx.coroutines.test.TestBuildersJvmKt.createTestResult(TestBuildersJvm.kt:10)
        at kotlinx.coroutines.test.TestBuildersKt__TestBuildersKt.runTest-8Mi8wO0(TestBuilders.kt:309)
        at kotlinx.coroutines.test.TestBuildersKt.runTest-8Mi8wO0(Unknown Source)
        at kotlinx.coroutines.test.TestBuildersKt__TestBuildersKt.runTest-8Mi8wO0(TestBuilders.kt:167)
        at kotlinx.coroutines.test.TestBuildersKt.runTest-8Mi8wO0(Unknown Source)
        at kotlinx.coroutines.test.TestBuildersKt__TestBuildersKt.runTest-8Mi8wO0$default(TestBuilders.kt:159)
        at kotlinx.coroutines.test.TestBuildersKt.runTest-8Mi8wO0$default(Unknown Source)
        at com.example.data.BootstrapSmokeTest.smoke test - initial load and save(BootstrapSmokeTest.kt:43)

LearningRepositoryImplTest > saveQueues should save to files in internal storage STANDARD_OUT
    com.example.data.LearningRepositoryImplTest.saveQueues should save to files in internal storage: sdk=26
    Test filesDir: C:\Users\audoc\AppData\Local\Temp\robolectric-LearningRepositoryImplTest_saveQueues_should_save_to_files_in_internal_storage16614421745899438075\com.example.data.test-dataDir\files
    IOException during save: The system cannot find the path specified

LearningRepositoryImplTest > saveQueues should save to files in internal storage STANDARD_ERROR
    java.io.IOException: The system cannot find the path specified
    	at java.base/java.io.WinNTFileSystem.createFileExclusively0(Native Method)
    	at java.base/java.io.WinNTFileSystem.createFileExclusively(WinNTFileSystem.java:530)
    	at java.base/java.io.File.createTempFile(File.java:1885)
    	at com.example.data.LearningRepositoryImpl.atomicWrite(LearningRepositoryImpl.kt:90)
    	at com.example.data.LearningRepositoryImpl.access$atomicWrite(LearningRepositoryImpl.kt:22)
    	at com.example.data.LearningRepositoryImpl$saveQueues$2.invokeSuspend(LearningRepositoryImpl.kt:57)
    	at kotlin.coroutines.jvm.internal.BaseContinuationImpl.resumeWith(ContinuationImpl.kt:33)
    	at kotlinx.coroutines.DispatchedTask.run(DispatchedTask.kt:100)
    	at kotlinx.coroutines.internal.LimitedDispatcher$Worker.run(LimitedDispatcher.kt:113)
    	at kotlinx.coroutines.scheduling.TaskImpl.run(Tasks.kt:89)
    	at kotlinx.coroutines.scheduling.CoroutineScheduler.runSafely(CoroutineScheduler.kt:586)
    	at kotlinx.coroutines.scheduling.CoroutineScheduler$Worker.executeTask(CoroutineScheduler.kt:820)
    	at kotlinx.coroutines.scheduling.CoroutineScheduler$Worker.runWorker(CoroutineScheduler.kt:717)
    	at kotlinx.coroutines.scheduling.CoroutineScheduler$Worker.run(CoroutineScheduler.kt:704)

LearningRepositoryImplTest > saveQueues should save to files in internal storage FAILED
    java.lang.AssertionError
        at org.junit.Assert.fail(Assert.java:87)
        at org.junit.Assert.assertTrue(Assert.java:42)
        at org.junit.Assert.assertTrue(Assert.java:53)
        at com.example.data.LearningRepositoryImplTest$saveQueues should save to files in internal storage$1.invokeSuspend(LearningRepositoryImplTest.kt:73)
        at kotlin.coroutines.jvm.internal.BaseContinuationImpl.resumeWith(ContinuationImpl.kt:33)
        at kotlinx.coroutines.DispatchedTask.run(DispatchedTask.kt:100)
        at kotlinx.coroutines.test.TestDispatcher.processEvent$kotlinx_coroutines_test(TestDispatcher.kt:24)
        at kotlinx.coroutines.test.TestCoroutineScheduler.tryRunNextTaskUnless$kotlinx_coroutines_test(TestCoroutineScheduler.kt:99)
        at kotlinx.coroutines.test.TestBuildersKt__TestBuildersKt$runTest$2$1$workRunner$1.invokeSuspend(TestBuilders.kt:326)
        at kotlin.coroutines.jvm.internal.BaseContinuationImpl.resumeWith(ContinuationImpl.kt:33)
        at kotlinx.coroutines.DispatchedTask.run(DispatchedTask.kt:100)
        at kotlinx.coroutines.EventLoopImplBase.processNextEvent(EventLoop.common.kt:263)
        at kotlinx.coroutines.BlockingCoroutine.joinBlocking(Builders.kt:95)
        at kotlinx.coroutines.BuildersKt__BuildersKt.runBlocking(Builders.kt:69)
        at kotlinx.coroutines.BuildersKt.runBlocking(Unknown Source)
        at kotlinx.coroutines.BuildersKt__BuildersKt.runBlocking$default(Builders.kt:47)
        at kotlinx.coroutines.BuildersKt.runBlocking$default(Unknown Source)
        at kotlinx.coroutines.test.TestBuildersJvmKt.createTestResult(TestBuildersJvm.kt:10)
        at kotlinx.coroutines.test.TestBuildersKt__TestBuildersKt.runTest-8Mi8wO0(TestBuilders.kt:309)
        at kotlinx.coroutines.test.TestBuildersKt.runTest-8Mi8wO0(Unknown Source)
        at kotlinx.coroutines.test.TestBuildersKt__TestBuildersKt.runTest-8Mi8wO0(TestBuilders.kt:167)
        at kotlinx.coroutines.test.TestBuildersKt.runTest-8Mi8wO0(Unknown Source)
        at kotlinx.coroutines.test.TestBuildersKt__TestBuildersKt.runTest-8Mi8wO0$default(TestBuilders.kt:159)
        at kotlinx.coroutines.test.TestBuildersKt.runTest-8Mi8wO0$default(Unknown Source)
        at com.example.data.LearningRepositoryImplTest.saveQueues should save to files in internal storage(LearningRepositoryImplTest.kt:59)

LearningRepositoryImplTest > loadQueues should return failure for malformed JSON STANDARD_OUT
    com.example.data.LearningRepositoryImplTest.loadQueues should return failure for malformed JSON: sdk=26
    Test filesDir: C:\Users\audoc\AppData\Local\Temp\robolectric-LearningRepositoryImplTest_loadQueues_should_return_failure_for_malformed_JSON9356847993113509142\com.example.data.test-dataDir\files
    copyFromAssets: Creating parent directories for C:\Users\audoc\AppData\Local\Temp\robolectric-LearningRepositoryImplTest_loadQueues_should_return_failure_for_malformed_JSON9356847993113509142\com.example.data.test-dataDir\files\queues
    copyFromAssets: Parent directories created: true
    copyFromAssets: Copying new_queue.json from assets
    copyFromAssets: new_queue.json copied: true
    copyFromAssets: Copying learned_queue.json from assets
    copyFromAssets: learned_queue.json copied: true
    New Queue Content: [
    {"id": "german_CP001", "token": "Entschuldigung", "category": "Blocks", "subcategory": "fixed", "presentation_count": 0, "usage_count": 0, "is_learned": false},
    {"id": "german_BB009", "token": "Keine Ahnung", "category": "Blocks", "subcategory": "fixed", "presentation_count": 0, "usage_count": 0, "is_learned": false},
    {"id": "german_BB050", "token": "Bis gleich", "category": "Blocks", "subcategory": "fixed", "presentation_count": 0, "usage_count": 0, "is_learned": false}
    ]

    Learned Queue Content: [
    {"id":"german_AA002","token":"sehr","presentation_count":6,"usage_count":4,"is_learned":true,"category": "Adjectives/Adverbs", "subcategory": "adverb"},
    {"id":"german_AA003","token":"viel","presentation_count":4,"usage_count":7,"is_learned":true,"category": "Adjectives/Adverbs", "subcategory": "adjective"},
    {"id":"german_AA005","token":"klein","presentation_count":7,"usage_count":9,"is_learned":true,"category": "Adjectives/Adverbs", "subcategory": "adjective"},
    {"id":"german_AA007","token":"neu","presentation_count":4,"usage_count":5,"is_learned":true,"category": "Adjectives/Adverbs", "subcategory": "adjective"},
    {"id":"german_AA008","token":"lang","presentation_count":10,"usage_count":10,"is_learned":true,"category": "Adjectives/Adverbs", "subcategory": "adjective"},
    {"id":"german_AA010","token":"wenig","presentation_count":6,"usage_count":6,"is_learned":true,"category": "Adjectives/Adverbs", "subcategory": "adjective"},
    {"id":"german_AA012","token":"spät","presentation_count":6,"usage_count":5,"is_learned":true,"category": "Adjectives/Adverbs", "subcategory": "adverb"},
    {"id":"german_AA014","token":"morgen","presentation_count":8,"usage_count":9,"is_learned":true,"category": "Adjectives/Adverbs", "subcategory": "adverb"},
    {"id":"german_AA013","token":"heute","presentation_count":4,"usage_count":6,"is_learned":true,"category": "Adjectives/Adverbs", "subcategory": "adverb"},
    {"id":"german_CS014","token":"Kannst du ___?","presentation_count":10,"usage_count":6,"is_learned":true,"category": "Core Stems", "subcategory": "parametric"},
    {"id":"german_CS013","token":"Wir müssen ___","presentation_count":8,"usage_count":7,"is_learned":true,"category": "Core Stems", "subcategory": "parametric"},
    {"id":"german_CS015","token":"Ich möchte ___.","presentation_count":8,"usage_count":7,"is_learned":true,"category": "Core Stems", "subcategory": "parametric"},
    {"id":"german_FW157","token":"schon","presentation_count":8,"usage_count":9,"is_learned":true,"category": "Function Words", "subcategory": "particle"},
    {"id":"german_V002","token":"haben","presentation_count":5,"usage_count":4,"is_learned":true,"category": "Verbs", "subcategory": "auxiliary"},
    {"id":"german_V009","token":"kommen","presentation_count":10,"usage_count":10,"is_learned":true,"category": "Verbs", "subcategory": "action"},
    {"id":"german_V012","token":"gehen","presentation_count":6,"usage_count":6,"is_learned":true,"category": "Verbs", "subcategory": "action"},
    {"id":"german_V011","token":"wollen","presentation_count":4,"usage_count":6,"is_learned":true,"category": "Verbs", "subcategory": "auxiliary"},
    {"id":"german_V005","token":"müssen","presentation_count":5,"usage_count":5,"is_learned":true,"category": "Verbs", "subcategory": "auxiliary"},
    {"id":"german_V004","token":"können","presentation_count":8,"usage_count":9,"is_learned":true,"category": "Verbs", "subcategory": "auxiliary"},
    {"id":"german_FW083","token":"sein","presentation_count":4,"usage_count":7,"is_learned":true,"category": "Function Words", "subcategory": "pronoun"},
    {"id":"german_V017","token":"finden","presentation_count":9,"usage_count":7,"is_learned":true,"category": "Verbs", "subcategory": "action"},
    {"id":"german_V026","token":"halten","presentation_count":6,"usage_count":5,"is_learned":true,"category": "Verbs", "subcategory": "action"},
    {"id":"german_V049","token":"beginnen","presentation_count":5,"usage_count":7,"is_learned":true,"category": "Verbs", "subcategory": "action"},
    {"id":"german_N001","token":"Mann","presentation_count":6,"usage_count":4,"is_learned":true,"category": "Nouns", "subcategory": "masculine"},
    {"id":"german_N003","token":"Kind","presentation_count":7,"usage_count":5,"is_learned":true,"category": "Nouns", "subcategory": "neuter"},
    {"id":"german_N002","token":"Frau","presentation_count":6,"usage_count":6,"is_learned":true,"category": "Nouns", "subcategory": "feminine"},
    {"id":"german_N004","token":"Haus","presentation_count":7,"usage_count":7,"is_learned":true,"category": "Nouns", "subcategory": "neuter"},
    {"id":"german_N005","token":"Stadt","presentation_count":9,"usage_count":9,"is_learned":true,"category": "Nouns", "subcategory": "feminine"},
    {"id":"german_N006","token":"Land","presentation_count":10,"usage_count":6,"is_learned":true,"category": "Nouns", "subcategory": "neuter"},
    {"id":"german_N008","token":"Hund","presentation_count":7,"usage_count":5,"is_learned":true,"category": "Nouns", "subcategory": "masculine"},
    {"id":"german_N011","token":"Baum","presentation_count":5,"usage_count":6,"is_learned":true,"category": "Nouns", "subcategory": "masculine"},
    {"id":"german_N017","token":"See","presentation_count":7,"usage_count":7,"is_learned":true,"category": "Nouns", "subcategory": "masculine"},
    {"id":"german_N018","token":"Straße","presentation_count":5,"usage_count":5,"is_learned":true,"category": "Nouns", "subcategory": "feminine"},
    {"id":"german_N029","token":"Schule","presentation_count":4,"usage_count":8,"is_learned":true,"category": "Nouns", "subcategory": "feminine"},
    {"id":"german_N040","token":"Papier","presentation_count":7,"usage_count":7,"is_learned":true,"category": "Nouns", "subcategory": "neuter"},
    {"id":"german_N045","token":"Bus","presentation_count":4,"usage_count":7,"is_learned":true,"category": "Nouns", "subcategory": "masculine"},
    {"id":"german_N050","token":"Milch","presentation_count":7,"usage_count":7,"is_learned":true,"category": "Nouns", "subcategory": "feminine"},
    {"id":"german_N049","token":"Brot","presentation_count":10,"usage_count":7,"is_learned":true,"category": "Nouns", "subcategory": "neuter"},
    {"id":"german_N051","token":"Wasser","presentation_count":8,"usage_count":10,"is_learned":true,"category": "Nouns", "subcategory": "neuter"},
    {"id":"german_N052","token":"Apfel","presentation_count":4,"usage_count":7,"is_learned":true,"category": "Nouns", "subcategory": "masculine"},
    {"id":"german_N055","token":"Fleisch","presentation_count":10,"usage_count":6,"is_learned":true,"category": "Nouns", "subcategory": "neuter"},
    {"id":"german_N057","token":"Suppe","presentation_count":6,"usage_count":4,"is_learned":true,"category": "Nouns", "subcategory": "feminine"},
    {"id":"german_N059","token":"Glas","presentation_count":8,"usage_count":6,"is_learned":true,"category": "Nouns", "subcategory": "neuter"},
    {"id":"german_N079","token":"Musik","presentation_count":5,"usage_count":5,"is_learned":true,"category": "Nouns", "subcategory": "feminine"},
    {"id":"german_N094","token":"Freund","presentation_count":7,"usage_count":10,"is_learned":true,"category": "Nouns", "subcategory": "masculine"},
    {"id":"german_N095","token":"Freundin","presentation_count":10,"usage_count":10,"is_learned":true,"category": "Nouns", "subcategory": "feminine"},
    {"id":"german_N093","token":"Mutter","presentation_count":4,"usage_count":8,"is_learned":true,"category": "Nouns", "subcategory": "feminine"},
    {"id":"german_N092","token":"Vater","presentation_count":6,"usage_count":9,"is_learned":true,"category": "Nouns", "subcategory": "masculine"},
    {"id":"german_FW001","token":"der","presentation_count":10,"usage_count":10,"is_learned":true,"category": "Function Words", "subcategory": "article"},
    {"id":"german_FW002","token":"die","presentation_count":6,"usage_count":4,"is_learned":true,"category": "Function Words", "subcategory": "article"},
    {"id":"german_FW003","token":"und","presentation_count":5,"usage_count":8,"is_learned":true,"category": "Function Words", "subcategory": "conjunction"},
    {"id":"german_FW008","token":"das","presentation_count":6,"usage_count":7,"is_learned":true,"category": "Function Words", "subcategory": "article"},
    {"id":"german_FW009","token":"mit","presentation_count":10,"usage_count":5,"is_learned":true,"category": "Function Words", "subcategory": "preposition"},
    {"id":"german_FW013","token":"auf","presentation_count":10,"usage_count":5,"is_learned":true,"category": "Function Words", "subcategory": "preposition"},
    {"id":"german_FW017","token":"im","presentation_count":5,"usage_count":7,"is_learned":true,"category": "Function Words", "subcategory": "preposition"},
    {"id":"german_FW018","token":"eine","presentation_count":7,"usage_count":7,"is_learned":true,"category": "Function Words", "subcategory": "article"},
    {"id":"german_FW015","token":"ein","presentation_count":7,"usage_count":8,"is_learned":true,"category": "Function Words", "subcategory": "article"},
    {"id":"german_FW014","token":"nicht","presentation_count":9,"usage_count":7,"is_learned":true,"category": "Function Words", "subcategory": "particle"},
    {"id":"german_FW024","token":"sie","presentation_count":5,"usage_count":9,"is_learned":true,"category": "Function Words", "subcategory": "pronoun"},
    {"id":"german_FW027","token":"wir","presentation_count":6,"usage_count":9,"is_learned":true,"category": "Function Words", "subcategory": "pronoun"},
    {"id":"german_FW031","token":"kein","presentation_count":9,"usage_count":8,"is_learned":true,"category": "Function Words", "subcategory": "article"},
    {"id":"german_FW036","token":"man","presentation_count":9,"usage_count":8,"is_learned":true,"category": "Function Words", "subcategory": "pronoun"},
    {"id":"german_FW037","token":"oder","presentation_count":8,"usage_count":5,"is_learned":true,"category": "Function Words", "subcategory": "conjunction"},
    {"id":"german_FW035","token":"da","presentation_count":9,"usage_count":6,"is_learned":true,"category": "Function Words", "subcategory": "particle"},
    {"id":"german_FW034","token":"über","presentation_count":6,"usage_count":6,"is_learned":true,"category": "Function Words", "subcategory": "preposition"},
    {"id":"german_FW045","token":"wie","presentation_count":7,"usage_count":6,"is_learned":true,"category": "Function Words", "subcategory": "conjunction"},
    {"id":"german_FW048","token":"ich","presentation_count":9,"usage_count":9,"is_learned":true,"category": "Function Words", "subcategory": "pronoun"},
    {"id":"german_FW049","token":"du","presentation_count":8,"usage_count":5,"is_learned":true,"category": "Function Words", "subcategory": "pronoun"},
    {"id":"german_FW052","token":"uns","presentation_count":4,"usage_count":9,"is_learned":true,"category": "Function Words", "subcategory": "pronoun"},
    {"id":"german_FW055","token":"dich","presentation_count":7,"usage_count":8,"is_learned":true,"category": "Function Words", "subcategory": "pronoun"},
    {"id":"german_FW069","token":"etwas","presentation_count":10,"usage_count":8,"is_learned":true,"category": "Function Words", "subcategory": "pronoun"},
    {"id":"german_FW070","token":"nichts","presentation_count":9,"usage_count":8,"is_learned":true,"category": "Function Words", "subcategory": "pronoun"},
    {"id":"german_FW071","token":"mein","presentation_count":6,"usage_count":5,"is_learned":true,"category": "Function Words", "subcategory": "pronoun"},
    {"id":"german_FW072","token":"meine","presentation_count":6,"usage_count":10,"is_learned":true,"category": "Function Words", "subcategory": "pronoun"},
    {"id":"german_FW073","token":"meinen","presentation_count":9,"usage_count":8,"is_learned":true,"category": "Function Words", "subcategory": "pronoun"},
    {"id":"german_FW111","token":"einen","presentation_count":6,"usage_count":8,"is_learned":true,"category": "Function Words", "subcategory": "article"},
    {"id":"german_FW123","token":"diese","presentation_count":10,"usage_count":9,"is_learned":true,"category": "Function Words", "subcategory": "pronoun"},
    {"id":"german_FW125","token":"diesen","presentation_count":6,"usage_count":6,"is_learned":true,"category": "Function Words", "subcategory": "pronoun"},
    {"id":"german_FW158","token":"mal","presentation_count":4,"usage_count":4,"is_learned":true,"category": "Function Words", "subcategory": "particle"},
    {"id":"german_CP001","token":"Entschuldigung","presentation_count":5,"usage_count":8,"is_learned":true,"category": "Blocks", "subcategory": "fixed"},
    {"id":"german_CP002","token":"Ich verstehe nicht","presentation_count":2,"usage_count":6,"is_learned":true,"category": "Blocks", "subcategory": "fixed"},
    {"id":"german_CP003","token":"Wie sagt man ___?","presentation_count":9,"usage_count":1,"is_learned":true,"category": "Blocks", "subcategory": "parametric"},
    {"id":"german_CP004","token":"Können Sie das bitte wiederholen?","presentation_count":7,"usage_count":3,"is_learned":true,"category": "Blocks", "subcategory": "fixed"},
    {"id":"german_CP005","token":"Was bedeutet ___?","presentation_count":0,"usage_count":10,"is_learned":true,"category": "Blocks", "subcategory": "parametric"},
    {"id":"german_CP006","token":"Sprechen Sie Englisch?","presentation_count":4,"usage_count":7,"is_learned":true,"category": "Blocks", "subcategory": "fixed"},
    {"id":"german_CP007","token":"Mein Deutsch ist nicht so gut","presentation_count":6,"usage_count":2,"is_learned":true,"category": "Blocks", "subcategory": "fixed"},
    {"id":"german_CP008","token":"Bitte","presentation_count":1,"usage_count":9,"is_learned":true,"category": "Blocks", "subcategory": "fixed"},
    {"id":"german_CP009","token":"Danke","presentation_count":8,"usage_count":0,"is_learned":true,"category": "Blocks", "subcategory": "fixed"},
    {"id":"german_CP008","token":"Bitte","presentation_count":7,"usage_count":5,"is_learned":true,"category": "Blocks", "subcategory": "fixed"},
    {"id":"german_CP009","token":"Danke","presentation_count":8,"usage_count":6,"is_learned":true,"category": "Blocks", "subcategory": "fixed"},
    {"id":"german_CP010","token":"Guten Morgen","presentation_count":4,"usage_count":9,"is_learned":true,"category": "Blocks", "subcategory": "fixed"},
    {"id":"german_CP011","token":"Guten Tag","presentation_count":5,"usage_count":7,"is_learned":true,"category": "Blocks", "subcategory": "fixed"},
    {"id":"german_CP012","token":"Gute Nacht","presentation_count":6,"usage_count":3,"is_learned":true,"category": "Blocks", "subcategory": "fixed"},
    {"id":"german_CP013","token":"Wie geht’s?","presentation_count":9,"usage_count":8,"is_learned":true,"category": "Blocks", "subcategory": "fixed"},
    {"id":"german_CP004","token":"Können Sie das bitte wiederholen?","presentation_count":5,"usage_count":8,"is_learned":true,"category": "Blocks", "subcategory": "fixed"},
    {"id":"german_CP005","token":"Was bedeutet ___?","presentation_count":7,"usage_count":4,"is_learned":true,"category": "Blocks", "subcategory": "parametric"},
    {"id":"german_CP014","token":"Mir geht’s gut, danke","presentation_count":6,"usage_count":9,"is_learned":true,"category": "Blocks", "subcategory": "fixed"},
    {"id":"german_CP015","token":"Und Ihnen?","presentation_count":8,"usage_count":3,"is_learned":true,"category": "Blocks", "subcategory": "fixed"},
    {"id":"german_CP016","token":"Wo ist ___?","presentation_count":4,"usage_count":7,"is_learned":true,"category": "Blocks", "subcategory": "parametric"}
    ]


LearningRepositoryImplTest > loadQueues should return failure for malformed JSON FAILED
    java.lang.AssertionError
        at org.junit.Assert.fail(Assert.java:87)
        at org.junit.Assert.assertTrue(Assert.java:42)
        at org.junit.Assert.assertTrue(Assert.java:53)
        at com.example.data.LearningRepositoryImplTest$loadQueues should return failure for malformed JSON$1.invokeSuspend(LearningRepositoryImplTest.kt:94)
        at kotlin.coroutines.jvm.internal.BaseContinuationImpl.resumeWith(ContinuationImpl.kt:33)
        at kotlinx.coroutines.DispatchedTask.run(DispatchedTask.kt:100)
        at kotlinx.coroutines.test.TestDispatcher.processEvent$kotlinx_coroutines_test(TestDispatcher.kt:24)
        at kotlinx.coroutines.test.TestCoroutineScheduler.tryRunNextTaskUnless$kotlinx_coroutines_test(TestCoroutineScheduler.kt:99)
        at kotlinx.coroutines.test.TestBuildersKt__TestBuildersKt$runTest$2$1$workRunner$1.invokeSuspend(TestBuilders.kt:326)
        at kotlin.coroutines.jvm.internal.BaseContinuationImpl.resumeWith(ContinuationImpl.kt:33)
        at kotlinx.coroutines.DispatchedTask.run(DispatchedTask.kt:100)
        at kotlinx.coroutines.EventLoopImplBase.processNextEvent(EventLoop.common.kt:263)
        at kotlinx.coroutines.BlockingCoroutine.joinBlocking(Builders.kt:95)
        at kotlinx.coroutines.BuildersKt__BuildersKt.runBlocking(Builders.kt:69)
        at kotlinx.coroutines.BuildersKt.runBlocking(Unknown Source)
        at kotlinx.coroutines.BuildersKt__BuildersKt.runBlocking$default(Builders.kt:47)
        at kotlinx.coroutines.BuildersKt.runBlocking$default(Unknown Source)
        at kotlinx.coroutines.test.TestBuildersJvmKt.createTestResult(TestBuildersJvm.kt:10)
        at kotlinx.coroutines.test.TestBuildersKt__TestBuildersKt.runTest-8Mi8wO0(TestBuilders.kt:309)
        at kotlinx.coroutines.test.TestBuildersKt.runTest-8Mi8wO0(Unknown Source)
        at kotlinx.coroutines.test.TestBuildersKt__TestBuildersKt.runTest-8Mi8wO0(TestBuilders.kt:167)
        at kotlinx.coroutines.test.TestBuildersKt.runTest-8Mi8wO0(Unknown Source)
        at kotlinx.coroutines.test.TestBuildersKt__TestBuildersKt.runTest-8Mi8wO0$default(TestBuilders.kt:159)
        at kotlinx.coroutines.test.TestBuildersKt.runTest-8Mi8wO0$default(Unknown Source)
        at com.example.data.LearningRepositoryImplTest.loadQueues should return failure for malformed JSON(LearningRepositoryImplTest.kt:86)

LearningRepositoryImplTest > loadQueues should load from assets when no files exist STANDARD_OUT
    com.example.data.LearningRepositoryImplTest.loadQueues should load from assets when no files exist: sdk=26
    Test filesDir: C:\Users\audoc\AppData\Local\Temp\robolectric-LearningRepositoryImplTest_loadQueues_should_load_from_assets_when_no_files_exist2229982847207924165\com.example.data.test-dataDir\files
    copyFromAssets: Creating parent directories for C:\Users\audoc\AppData\Local\Temp\robolectric-LearningRepositoryImplTest_loadQueues_should_load_from_assets_when_no_files_exist2229982847207924165\com.example.data.test-dataDir\files\queues
    copyFromAssets: Parent directories created: true
    copyFromAssets: Copying new_queue.json from assets
    copyFromAssets: new_queue.json copied: true
    copyFromAssets: Copying learned_queue.json from assets
    copyFromAssets: learned_queue.json copied: true
    New Queue Content: [
    {"id": "german_CP001", "token": "Entschuldigung", "category": "Blocks", "subcategory": "fixed", "presentation_count": 0, "usage_count": 0, "is_learned": false},
    {"id": "german_BB009", "token": "Keine Ahnung", "category": "Blocks", "subcategory": "fixed", "presentation_count": 0, "usage_count": 0, "is_learned": false},
    {"id": "german_BB050", "token": "Bis gleich", "category": "Blocks", "subcategory": "fixed", "presentation_count": 0, "usage_count": 0, "is_learned": false}
    ]

    Learned Queue Content: [
    {"id":"german_AA002","token":"sehr","presentation_count":6,"usage_count":4,"is_learned":true,"category": "Adjectives/Adverbs", "subcategory": "adverb"},
    {"id":"german_AA003","token":"viel","presentation_count":4,"usage_count":7,"is_learned":true,"category": "Adjectives/Adverbs", "subcategory": "adjective"},
    {"id":"german_AA005","token":"klein","presentation_count":7,"usage_count":9,"is_learned":true,"category": "Adjectives/Adverbs", "subcategory": "adjective"},
    {"id":"german_AA007","token":"neu","presentation_count":4,"usage_count":5,"is_learned":true,"category": "Adjectives/Adverbs", "subcategory": "adjective"},
    {"id":"german_AA008","token":"lang","presentation_count":10,"usage_count":10,"is_learned":true,"category": "Adjectives/Adverbs", "subcategory": "adjective"},
    {"id":"german_AA010","token":"wenig","presentation_count":6,"usage_count":6,"is_learned":true,"category": "Adjectives/Adverbs", "subcategory": "adjective"},
    {"id":"german_AA012","token":"spät","presentation_count":6,"usage_count":5,"is_learned":true,"category": "Adjectives/Adverbs", "subcategory": "adverb"},
    {"id":"german_AA014","token":"morgen","presentation_count":8,"usage_count":9,"is_learned":true,"category": "Adjectives/Adverbs", "subcategory": "adverb"},
    {"id":"german_AA013","token":"heute","presentation_count":4,"usage_count":6,"is_learned":true,"category": "Adjectives/Adverbs", "subcategory": "adverb"},
    {"id":"german_CS014","token":"Kannst du ___?","presentation_count":10,"usage_count":6,"is_learned":true,"category": "Core Stems", "subcategory": "parametric"},
    {"id":"german_CS013","token":"Wir müssen ___","presentation_count":8,"usage_count":7,"is_learned":true,"category": "Core Stems", "subcategory": "parametric"},
    {"id":"german_CS015","token":"Ich möchte ___.","presentation_count":8,"usage_count":7,"is_learned":true,"category": "Core Stems", "subcategory": "parametric"},
    {"id":"german_FW157","token":"schon","presentation_count":8,"usage_count":9,"is_learned":true,"category": "Function Words", "subcategory": "particle"},
    {"id":"german_V002","token":"haben","presentation_count":5,"usage_count":4,"is_learned":true,"category": "Verbs", "subcategory": "auxiliary"},
    {"id":"german_V009","token":"kommen","presentation_count":10,"usage_count":10,"is_learned":true,"category": "Verbs", "subcategory": "action"},
    {"id":"german_V012","token":"gehen","presentation_count":6,"usage_count":6,"is_learned":true,"category": "Verbs", "subcategory": "action"},
    {"id":"german_V011","token":"wollen","presentation_count":4,"usage_count":6,"is_learned":true,"category": "Verbs", "subcategory": "auxiliary"},
    {"id":"german_V005","token":"müssen","presentation_count":5,"usage_count":5,"is_learned":true,"category": "Verbs", "subcategory": "auxiliary"},
    {"id":"german_V004","token":"können","presentation_count":8,"usage_count":9,"is_learned":true,"category": "Verbs", "subcategory": "auxiliary"},
    {"id":"german_FW083","token":"sein","presentation_count":4,"usage_count":7,"is_learned":true,"category": "Function Words", "subcategory": "pronoun"},
    {"id":"german_V017","token":"finden","presentation_count":9,"usage_count":7,"is_learned":true,"category": "Verbs", "subcategory": "action"},
    {"id":"german_V026","token":"halten","presentation_count":6,"usage_count":5,"is_learned":true,"category": "Verbs", "subcategory": "action"},
    {"id":"german_V049","token":"beginnen","presentation_count":5,"usage_count":7,"is_learned":true,"category": "Verbs", "subcategory": "action"},
    {"id":"german_N001","token":"Mann","presentation_count":6,"usage_count":4,"is_learned":true,"category": "Nouns", "subcategory": "masculine"},
    {"id":"german_N003","token":"Kind","presentation_count":7,"usage_count":5,"is_learned":true,"category": "Nouns", "subcategory": "neuter"},
    {"id":"german_N002","token":"Frau","presentation_count":6,"usage_count":6,"is_learned":true,"category": "Nouns", "subcategory": "feminine"},
    {"id":"german_N004","token":"Haus","presentation_count":7,"usage_count":7,"is_learned":true,"category": "Nouns", "subcategory": "neuter"},
    {"id":"german_N005","token":"Stadt","presentation_count":9,"usage_count":9,"is_learned":true,"category": "Nouns", "subcategory": "feminine"},
    {"id":"german_N006","token":"Land","presentation_count":10,"usage_count":6,"is_learned":true,"category": "Nouns", "subcategory": "neuter"},
    {"id":"german_N008","token":"Hund","presentation_count":7,"usage_count":5,"is_learned":true,"category": "Nouns", "subcategory": "masculine"},
    {"id":"german_N011","token":"Baum","presentation_count":5,"usage_count":6,"is_learned":true,"category": "Nouns", "subcategory": "masculine"},
    {"id":"german_N017","token":"See","presentation_count":7,"usage_count":7,"is_learned":true,"category": "Nouns", "subcategory": "masculine"},
    {"id":"german_N018","token":"Straße","presentation_count":5,"usage_count":5,"is_learned":true,"category": "Nouns", "subcategory": "feminine"},
    {"id":"german_N029","token":"Schule","presentation_count":4,"usage_count":8,"is_learned":true,"category": "Nouns", "subcategory": "feminine"},
    {"id":"german_N040","token":"Papier","presentation_count":7,"usage_count":7,"is_learned":true,"category": "Nouns", "subcategory": "neuter"},
    {"id":"german_N045","token":"Bus","presentation_count":4,"usage_count":7,"is_learned":true,"category": "Nouns", "subcategory": "masculine"},
    {"id":"german_N050","token":"Milch","presentation_count":7,"usage_count":7,"is_learned":true,"category": "Nouns", "subcategory": "feminine"},
    {"id":"german_N049","token":"Brot","presentation_count":10,"usage_count":7,"is_learned":true,"category": "Nouns", "subcategory": "neuter"},
    {"id":"german_N051","token":"Wasser","presentation_count":8,"usage_count":10,"is_learned":true,"category": "Nouns", "subcategory": "neuter"},
    {"id":"german_N052","token":"Apfel","presentation_count":4,"usage_count":7,"is_learned":true,"category": "Nouns", "subcategory": "masculine"},
    {"id":"german_N055","token":"Fleisch","presentation_count":10,"usage_count":6,"is_learned":true,"category": "Nouns", "subcategory": "neuter"},
    {"id":"german_N057","token":"Suppe","presentation_count":6,"usage_count":4,"is_learned":true,"category": "Nouns", "subcategory": "feminine"},
    {"id":"german_N059","token":"Glas","presentation_count":8,"usage_count":6,"is_learned":true,"category": "Nouns", "subcategory": "neuter"},
    {"id":"german_N079","token":"Musik","presentation_count":5,"usage_count":5,"is_learned":true,"category": "Nouns", "subcategory": "feminine"},
    {"id":"german_N094","token":"Freund","presentation_count":7,"usage_count":10,"is_learned":true,"category": "Nouns", "subcategory": "masculine"},
    {"id":"german_N095","token":"Freundin","presentation_count":10,"usage_count":10,"is_learned":true,"category": "Nouns", "subcategory": "feminine"},
    {"id":"german_N093","token":"Mutter","presentation_count":4,"usage_count":8,"is_learned":true,"category": "Nouns", "subcategory": "feminine"},
    {"id":"german_N092","token":"Vater","presentation_count":6,"usage_count":9,"is_learned":true,"category": "Nouns", "subcategory": "masculine"},
    {"id":"german_FW001","token":"der","presentation_count":10,"usage_count":10,"is_learned":true,"category": "Function Words", "subcategory": "article"},
    {"id":"german_FW002","token":"die","presentation_count":6,"usage_count":4,"is_learned":true,"category": "Function Words", "subcategory": "article"},
    {"id":"german_FW003","token":"und","presentation_count":5,"usage_count":8,"is_learned":true,"category": "Function Words", "subcategory": "conjunction"},
    {"id":"german_FW008","token":"das","presentation_count":6,"usage_count":7,"is_learned":true,"category": "Function Words", "subcategory": "article"},
    {"id":"german_FW009","token":"mit","presentation_count":10,"usage_count":5,"is_learned":true,"category": "Function Words", "subcategory": "preposition"},
    {"id":"german_FW013","token":"auf","presentation_count":10,"usage_count":5,"is_learned":true,"category": "Function Words", "subcategory": "preposition"},
    {"id":"german_FW017","token":"im","presentation_count":5,"usage_count":7,"is_learned":true,"category": "Function Words", "subcategory": "preposition"},
    {"id":"german_FW018","token":"eine","presentation_count":7,"usage_count":7,"is_learned":true,"category": "Function Words", "subcategory": "article"},
    {"id":"german_FW015","token":"ein","presentation_count":7,"usage_count":8,"is_learned":true,"category": "Function Words", "subcategory": "article"},
    {"id":"german_FW014","token":"nicht","presentation_count":9,"usage_count":7,"is_learned":true,"category": "Function Words", "subcategory": "particle"},
    {"id":"german_FW024","token":"sie","presentation_count":5,"usage_count":9,"is_learned":true,"category": "Function Words", "subcategory": "pronoun"},
    {"id":"german_FW027","token":"wir","presentation_count":6,"usage_count":9,"is_learned":true,"category": "Function Words", "subcategory": "pronoun"},
    {"id":"german_FW031","token":"kein","presentation_count":9,"usage_count":8,"is_learned":true,"category": "Function Words", "subcategory": "article"},
    {"id":"german_FW036","token":"man","presentation_count":9,"usage_count":8,"is_learned":true,"category": "Function Words", "subcategory": "pronoun"},
    {"id":"german_FW037","token":"oder","presentation_count":8,"usage_count":5,"is_learned":true,"category": "Function Words", "subcategory": "conjunction"},
    {"id":"german_FW035","token":"da","presentation_count":9,"usage_count":6,"is_learned":true,"category": "Function Words", "subcategory": "particle"},
    {"id":"german_FW034","token":"über","presentation_count":6,"usage_count":6,"is_learned":true,"category": "Function Words", "subcategory": "preposition"},
    {"id":"german_FW045","token":"wie","presentation_count":7,"usage_count":6,"is_learned":true,"category": "Function Words", "subcategory": "conjunction"},
    {"id":"german_FW048","token":"ich","presentation_count":9,"usage_count":9,"is_learned":true,"category": "Function Words", "subcategory": "pronoun"},
    {"id":"german_FW049","token":"du","presentation_count":8,"usage_count":5,"is_learned":true,"category": "Function Words", "subcategory": "pronoun"},
    {"id":"german_FW052","token":"uns","presentation_count":4,"usage_count":9,"is_learned":true,"category": "Function Words", "subcategory": "pronoun"},
    {"id":"german_FW055","token":"dich","presentation_count":7,"usage_count":8,"is_learned":true,"category": "Function Words", "subcategory": "pronoun"},
    {"id":"german_FW069","token":"etwas","presentation_count":10,"usage_count":8,"is_learned":true,"category": "Function Words", "subcategory": "pronoun"},
    {"id":"german_FW070","token":"nichts","presentation_count":9,"usage_count":8,"is_learned":true,"category": "Function Words", "subcategory": "pronoun"},
    {"id":"german_FW071","token":"mein","presentation_count":6,"usage_count":5,"is_learned":true,"category": "Function Words", "subcategory": "pronoun"},
    {"id":"german_FW072","token":"meine","presentation_count":6,"usage_count":10,"is_learned":true,"category": "Function Words", "subcategory": "pronoun"},
    {"id":"german_FW073","token":"meinen","presentation_count":9,"usage_count":8,"is_learned":true,"category": "Function Words", "subcategory": "pronoun"},
    {"id":"german_FW111","token":"einen","presentation_count":6,"usage_count":8,"is_learned":true,"category": "Function Words", "subcategory": "article"},
    {"id":"german_FW123","token":"diese","presentation_count":10,"usage_count":9,"is_learned":true,"category": "Function Words", "subcategory": "pronoun"},
    {"id":"german_FW125","token":"diesen","presentation_count":6,"usage_count":6,"is_learned":true,"category": "Function Words", "subcategory": "pronoun"},
    {"id":"german_FW158","token":"mal","presentation_count":4,"usage_count":4,"is_learned":true,"category": "Function Words", "subcategory": "particle"},
    {"id":"german_CP001","token":"Entschuldigung","presentation_count":5,"usage_count":8,"is_learned":true,"category": "Blocks", "subcategory": "fixed"},
    {"id":"german_CP002","token":"Ich verstehe nicht","presentation_count":2,"usage_count":6,"is_learned":true,"category": "Blocks", "subcategory": "fixed"},
    {"id":"german_CP003","token":"Wie sagt man ___?","presentation_count":9,"usage_count":1,"is_learned":true,"category": "Blocks", "subcategory": "parametric"},
    {"id":"german_CP004","token":"Können Sie das bitte wiederholen?","presentation_count":7,"usage_count":3,"is_learned":true,"category": "Blocks", "subcategory": "fixed"},
    {"id":"german_CP005","token":"Was bedeutet ___?","presentation_count":0,"usage_count":10,"is_learned":true,"category": "Blocks", "subcategory": "parametric"},
    {"id":"german_CP006","token":"Sprechen Sie Englisch?","presentation_count":4,"usage_count":7,"is_learned":true,"category": "Blocks", "subcategory": "fixed"},
    {"id":"german_CP007","token":"Mein Deutsch ist nicht so gut","presentation_count":6,"usage_count":2,"is_learned":true,"category": "Blocks", "subcategory": "fixed"},
    {"id":"german_CP008","token":"Bitte","presentation_count":1,"usage_count":9,"is_learned":true,"category": "Blocks", "subcategory": "fixed"},
    {"id":"german_CP009","token":"Danke","presentation_count":8,"usage_count":0,"is_learned":true,"category": "Blocks", "subcategory": "fixed"},
    {"id":"german_CP008","token":"Bitte","presentation_count":7,"usage_count":5,"is_learned":true,"category": "Blocks", "subcategory": "fixed"},
    {"id":"german_CP009","token":"Danke","presentation_count":8,"usage_count":6,"is_learned":true,"category": "Blocks", "subcategory": "fixed"},
    {"id":"german_CP010","token":"Guten Morgen","presentation_count":4,"usage_count":9,"is_learned":true,"category": "Blocks", "subcategory": "fixed"},
    {"id":"german_CP011","token":"Guten Tag","presentation_count":5,"usage_count":7,"is_learned":true,"category": "Blocks", "subcategory": "fixed"},
    {"id":"german_CP012","token":"Gute Nacht","presentation_count":6,"usage_count":3,"is_learned":true,"category": "Blocks", "subcategory": "fixed"},
    {"id":"german_CP013","token":"Wie geht’s?","presentation_count":9,"usage_count":8,"is_learned":true,"category": "Blocks", "subcategory": "fixed"},
    {"id":"german_CP004","token":"Können Sie das bitte wiederholen?","presentation_count":5,"usage_count":8,"is_learned":true,"category": "Blocks", "subcategory": "fixed"},
    {"id":"german_CP005","token":"Was bedeutet ___?","presentation_count":7,"usage_count":4,"is_learned":true,"category": "Blocks", "subcategory": "parametric"},
    {"id":"german_CP014","token":"Mir geht’s gut, danke","presentation_count":6,"usage_count":9,"is_learned":true,"category": "Blocks", "subcategory": "fixed"},
    {"id":"german_CP015","token":"Und Ihnen?","presentation_count":8,"usage_count":3,"is_learned":true,"category": "Blocks", "subcategory": "fixed"},
    {"id":"german_CP016","token":"Wo ist ___?","presentation_count":4,"usage_count":7,"is_learned":true,"category": "Blocks", "subcategory": "parametric"}
    ]


LearningRepositoryImplTest > assetManager can open new_queue_json STANDARD_OUT
    com.example.data.LearningRepositoryImplTest.assetManager can open new_queue_json: sdk=26
    Test filesDir: C:\Users\audoc\AppData\Local\Temp\robolectric-LearningRepositoryImplTest_assetManager_can_open_new_queue_json8992307105029102559\com.example.data.test-dataDir\files

JsonAssetLoaderTest > loadLearnedQueueFromJson_returnsParsedEntities STANDARD_OUT
    Deserialized items size: 99

Gradle Test Executor 6 finished executing tests.

> Task :data:testDebugUnitTest FAILED

8 tests completed, 4 failed
Finished generating test XML results (0.015 secs) into: C:\Users\audoc\apps\lango-dev\lango-mvp-android\data\build\test-results\testDebugUnitTest
Generating HTML test report...
Finished generating test html results (0.022 secs) into: C:\Users\audoc\apps\lango-dev\lango-mvp-android\data\build\reports\tests\testDebugUnitTest
Build 3d1fc8f7-b088-4bb6-9523-a7b8ed4fee77 is closed

FAILURE: Build failed with an exception.

* What went wrong:
Execution failed for task ':data:testDebugUnitTest'.
> There were failing tests. See the report at: file:///C:/Users/audoc/apps/lango-dev/lango-mvp-android/data/build/reports/tests/testDebugUnitTest/index.html

* Try:
> Run with --scan to get full insights.

BUILD FAILED in 19s
55 actionable tasks: 11 executed, 44 up-to-date
Watched directory hierarchies: [C:\Users\audoc\apps\lango-dev\lango-mvp-android]
